\BOOKMARK [0][-]{chapter.1}{\376\377\000C\000l\000a\000s\000s\000i\000f\000i\000e\000r}{}% 1
\BOOKMARK [1][-]{section.1.1}{\376\377\000m\000i}{chapter.1}% 2
\BOOKMARK [2][-]{subsection.1.1.1}{\376\377\000A\000P\000R\000C\000l\000a\000s\000s\000i\000f\000i\000e\000r}{section.1.1}% 3
\BOOKMARK [3][-]{subsubsection*.3}{\376\377\000m\000i\000m\000l\000.\000c\000l\000a\000s\000s\000i\000f\000i\000e\000r\000.\000m\000i\000.\000a\000p\000r\000\137\000c\000l\000a\000s\000s\000i\000f\000i\000e\000r\000.\000A\000P\000R\000C\000l\000a\000s\000s\000i\000f\000i\000e\000r}{subsection.1.1.1}% 4
\BOOKMARK [2][-]{subsection.1.1.2}{\376\377\000M\000I\000W\000r\000a\000p\000p\000e\000r\000C\000l\000a\000s\000s\000i\000f\000i\000e\000r}{section.1.1}% 5
\BOOKMARK [3][-]{subsubsection*.9}{\376\377\000m\000i\000m\000l\000.\000c\000l\000a\000s\000s\000i\000f\000i\000e\000r\000.\000m\000i\000.\000m\000i\000\137\000w\000r\000a\000p\000p\000e\000r\000\137\000c\000l\000a\000s\000s\000i\000f\000i\000e\000r\000.\000M\000I\000W\000r\000a\000p\000p\000e\000r\000C\000l\000a\000s\000s\000i\000f\000i\000e\000r}{subsection.1.1.2}% 6
\BOOKMARK [1][-]{section.1.2}{\376\377\000M\000I\000M\000L\000C\000l\000a\000s\000s\000i\000f\000i\000e\000r}{chapter.1}% 7
\BOOKMARK [2][-]{subsection.1.2.1}{\376\377\000m\000i\000m\000l\000.\000c\000l\000a\000s\000s\000i\000f\000i\000e\000r\000.\000m\000i\000m\000l\000\137\000c\000l\000a\000s\000s\000i\000f\000i\000e\000r\000.\000M\000I\000M\000L\000C\000l\000a\000s\000s\000i\000f\000i\000e\000r}{section.1.2}% 8
\BOOKMARK [1][-]{section.1.3}{\376\377\000m\000i\000m\000l\000T\000O\000m\000l}{chapter.1}% 9
\BOOKMARK [2][-]{subsection.1.3.1}{\376\377\000M\000I\000M\000L\000t\000o\000M\000L\000C\000l\000a\000s\000s\000i\000f\000i\000e\000r}{section.1.3}% 10
\BOOKMARK [3][-]{subsubsection*.22}{\376\377\000m\000i\000m\000l\000.\000c\000l\000a\000s\000s\000i\000f\000i\000e\000r\000.\000m\000i\000m\000l\000T\000O\000m\000l\000.\000m\000i\000m\000l\000\137\000t\000o\000\137\000m\000l\000\137\000c\000l\000a\000s\000s\000i\000f\000i\000e\000r\000.\000M\000I\000M\000L\000t\000o\000M\000L\000C\000l\000a\000s\000s\000i\000f\000i\000e\000r}{subsection.1.3.1}% 11
\BOOKMARK [1][-]{section.1.4}{\376\377\000m\000i\000m\000l\000T\000O\000m\000i}{chapter.1}% 12
\BOOKMARK [2][-]{subsection.1.4.1}{\376\377\000M\000I\000M\000L\000t\000o\000M\000I\000C\000l\000a\000s\000s\000i\000f\000i\000e\000r}{section.1.4}% 13
\BOOKMARK [3][-]{subsubsection*.30}{\376\377\000m\000i\000m\000l\000.\000c\000l\000a\000s\000s\000i\000f\000i\000e\000r\000.\000m\000i\000m\000l\000T\000O\000m\000i\000.\000m\000i\000m\000l\000\137\000t\000o\000\137\000m\000i\000\137\000c\000l\000a\000s\000s\000i\000f\000i\000e\000r\000.\000M\000I\000M\000L\000t\000o\000M\000I\000C\000l\000a\000s\000s\000i\000f\000i\000e\000r}{subsection.1.4.1}% 14
\BOOKMARK [2][-]{subsection.1.4.2}{\376\377\000M\000I\000M\000L\000t\000o\000M\000I\000B\000R\000C\000l\000a\000s\000s\000i\000f\000i\000e\000r}{section.1.4}% 15
\BOOKMARK [3][-]{subsubsection*.38}{\376\377\000m\000i\000m\000l\000.\000c\000l\000a\000s\000s\000i\000f\000i\000e\000r\000.\000m\000i\000m\000l\000T\000O\000m\000i\000.\000m\000i\000m\000l\000\137\000t\000o\000\137\000m\000i\000\137\000b\000r\000\137\000c\000l\000a\000s\000s\000i\000f\000i\000e\000r\000.\000M\000I\000M\000L\000t\000o\000M\000I\000B\000R\000C\000l\000a\000s\000s\000i\000f\000i\000e\000r}{subsection.1.4.2}% 16
\BOOKMARK [2][-]{subsection.1.4.3}{\376\377\000M\000I\000M\000L\000t\000o\000M\000I\000L\000P\000C\000l\000a\000s\000s\000i\000f\000i\000e\000r}{section.1.4}% 17
\BOOKMARK [3][-]{subsubsection*.46}{\376\377\000m\000i\000m\000l\000.\000c\000l\000a\000s\000s\000i\000f\000i\000e\000r\000.\000m\000i\000m\000l\000T\000O\000m\000i\000.\000m\000i\000m\000l\000\137\000t\000o\000\137\000m\000i\000\137\000l\000p\000\137\000c\000l\000a\000s\000s\000i\000f\000i\000e\000r\000.\000M\000I\000M\000L\000t\000o\000M\000I\000L\000P\000C\000l\000a\000s\000s\000i\000f\000i\000e\000r}{subsection.1.4.3}% 18
\BOOKMARK [1][-]{section.1.5}{\376\377\000M\000I\000M\000L\000\040\000L\000a\000z\000y\000\040\000C\000l\000a\000s\000s\000i\000f\000i\000e\000r\000s}{chapter.1}% 19
\BOOKMARK [2][-]{subsection.1.5.1}{\376\377\000M\000I\000M\000L\000-\000k\000N\000N}{section.1.5}% 20
\BOOKMARK [2][-]{subsection.1.5.2}{\376\377\000M\000I\000M\000L\000-\000B\000R\000-\000k\000N\000N}{section.1.5}% 21
\BOOKMARK [2][-]{subsection.1.5.3}{\376\377\000M\000I\000M\000L\000-\000D\000G\000C}{section.1.5}% 22
\BOOKMARK [2][-]{subsection.1.5.4}{\376\377\000M\000I\000M\000L\000-\000M\000A\000P\000-\000k\000N\000N}{section.1.5}% 23
\BOOKMARK [2][-]{subsection.1.5.5}{\376\377\000M\000u\000l\000t\000i\000-\000I\000n\000s\000t\000a\000n\000c\000e\000\040\000M\000u\000l\000t\000i\000-\000L\000a\000b\000e\000l\000\040\000k\000N\000N}{section.1.5}% 24
\BOOKMARK [0][-]{chapter.2}{\376\377\000D\000a\000t\000a}{}% 25
\BOOKMARK [1][-]{section.2.1}{\376\377\000I\000n\000s\000t\000a\000n\000c\000e}{chapter.2}% 26
\BOOKMARK [2][-]{subsection.2.1.1}{\376\377\000m\000i\000m\000l\000.\000d\000a\000t\000a\000.\000i\000n\000s\000t\000a\000n\000c\000e\000.\000I\000n\000s\000t\000a\000n\000c\000e}{section.2.1}% 27
\BOOKMARK [1][-]{section.2.2}{\376\377\000B\000a\000g}{chapter.2}% 28
\BOOKMARK [2][-]{subsection.2.2.1}{\376\377\000m\000i\000m\000l\000.\000d\000a\000t\000a\000.\000b\000a\000g\000.\000B\000a\000g}{section.2.2}% 29
\BOOKMARK [1][-]{section.2.3}{\376\377\000M\000I\000M\000L\000D\000a\000t\000a\000s\000e\000t}{chapter.2}% 30
\BOOKMARK [2][-]{subsection.2.3.1}{\376\377\000m\000i\000m\000l\000.\000d\000a\000t\000a\000.\000m\000i\000m\000l\000\137\000d\000a\000t\000a\000s\000e\000t\000.\000M\000I\000M\000L\000D\000a\000t\000a\000s\000e\000t}{section.2.3}% 31
\BOOKMARK [1][-]{section.2.4}{\376\377\000D\000a\000t\000a\000s\000e\000t\000\040\000u\000t\000i\000l\000s}{chapter.2}% 32
\BOOKMARK [0][-]{chapter.3}{\376\377\000R\000e\000p\000o\000r\000t}{}% 33
\BOOKMARK [1][-]{section.3.1}{\376\377\000R\000e\000p\000o\000r\000t}{chapter.3}% 34
\BOOKMARK [2][-]{subsection.3.1.1}{\376\377\000m\000i\000m\000l\000.\000r\000e\000p\000o\000r\000t\000.\000r\000e\000p\000o\000r\000t\000.\000R\000e\000p\000o\000r\000t}{section.3.1}% 35
\BOOKMARK [0][-]{chapter.4}{\376\377\000T\000r\000a\000n\000s\000f\000o\000r\000m\000a\000t\000i\000o\000n}{}% 36
\BOOKMARK [1][-]{section.4.1}{\376\377\000m\000i\000m\000l\000T\000O\000m\000i}{chapter.4}% 37
\BOOKMARK [2][-]{subsection.4.1.1}{\376\377\000B\000i\000n\000a\000r\000y\000R\000e\000l\000e\000v\000a\000n\000c\000e\000T\000r\000a\000n\000s\000f\000o\000r\000m\000a\000t\000i\000o\000n}{section.4.1}% 38
\BOOKMARK [3][-]{subsubsection*.159}{\376\377\000m\000i\000m\000l\000.\000t\000r\000a\000n\000s\000f\000o\000r\000m\000a\000t\000i\000o\000n\000.\000m\000i\000m\000l\000T\000O\000m\000i\000.\000b\000i\000n\000a\000r\000y\000\137\000r\000e\000l\000e\000v\000a\000n\000c\000e\000\137\000t\000r\000a\000n\000s\000f\000o\000r\000m\000a\000t\000i\000o\000n\000.\000B\000i\000n\000a\000r\000y\000R\000e\000l\000e\000v\000a\000n\000c\000e\000T\000r\000a\000n\000s\000f\000o\000r\000m\000a\000t\000i\000o\000n}{subsection.4.1.1}% 39
\BOOKMARK [2][-]{subsection.4.1.2}{\376\377\000L\000a\000b\000e\000l\000P\000o\000w\000e\000r\000s\000e\000t\000T\000r\000a\000n\000s\000f\000o\000r\000m\000a\000t\000i\000o\000n}{section.4.1}% 40
\BOOKMARK [3][-]{subsubsection*.163}{\376\377\000m\000i\000m\000l\000.\000t\000r\000a\000n\000s\000f\000o\000r\000m\000a\000t\000i\000o\000n\000.\000m\000i\000m\000l\000T\000O\000m\000i\000.\000l\000a\000b\000e\000l\000\137\000p\000o\000w\000e\000r\000s\000e\000t\000\137\000t\000r\000a\000n\000s\000f\000o\000r\000m\000a\000t\000i\000o\000n\000.\000L\000a\000b\000e\000l\000P\000o\000w\000e\000r\000s\000e\000t\000T\000r\000a\000n\000s\000f\000o\000r\000m\000a\000t\000i\000o\000n}{subsection.4.1.2}% 41
\BOOKMARK [1][-]{section.4.2}{\376\377\000m\000i\000m\000l\000T\000O\000m\000l}{chapter.4}% 42
\BOOKMARK [2][-]{subsection.4.2.1}{\376\377\000A\000r\000i\000t\000h\000m\000e\000t\000i\000c\000T\000r\000a\000n\000s\000f\000o\000r\000m\000a\000t\000i\000o\000n}{section.4.2}% 43
\BOOKMARK [3][-]{subsubsection*.169}{\376\377\000m\000i\000m\000l\000.\000t\000r\000a\000n\000s\000f\000o\000r\000m\000a\000t\000i\000o\000n\000.\000m\000i\000m\000l\000T\000O\000m\000l\000.\000a\000r\000i\000t\000h\000m\000e\000t\000i\000c\000.\000A\000r\000i\000t\000h\000m\000e\000t\000i\000c\000T\000r\000a\000n\000s\000f\000o\000r\000m\000a\000t\000i\000o\000n}{subsection.4.2.1}% 44
\BOOKMARK [2][-]{subsection.4.2.2}{\376\377\000G\000e\000o\000m\000e\000t\000r\000i\000c\000T\000r\000a\000n\000s\000f\000o\000r\000m\000a\000t\000i\000o\000n}{section.4.2}% 45
\BOOKMARK [3][-]{subsubsection*.173}{\376\377\000m\000i\000m\000l\000.\000t\000r\000a\000n\000s\000f\000o\000r\000m\000a\000t\000i\000o\000n\000.\000m\000i\000m\000l\000T\000O\000m\000l\000.\000g\000e\000o\000m\000e\000t\000r\000i\000c\000.\000G\000e\000o\000m\000e\000t\000r\000i\000c\000T\000r\000a\000n\000s\000f\000o\000r\000m\000a\000t\000i\000o\000n}{subsection.4.2.2}% 46
\BOOKMARK [2][-]{subsection.4.2.3}{\376\377\000M\000i\000n\000M\000a\000x\000T\000r\000a\000n\000s\000f\000o\000r\000m\000a\000t\000i\000o\000n}{section.4.2}% 47
\BOOKMARK [3][-]{subsubsection*.177}{\376\377\000m\000i\000m\000l\000.\000t\000r\000a\000n\000s\000f\000o\000r\000m\000a\000t\000i\000o\000n\000.\000m\000i\000m\000l\000T\000O\000m\000l\000.\000m\000i\000n\000m\000a\000x\000.\000M\000i\000n\000M\000a\000x\000T\000r\000a\000n\000s\000f\000o\000r\000m\000a\000t\000i\000o\000n}{subsection.4.2.3}% 48
\BOOKMARK [2][-]{subsection.4.2.4}{\376\377\000M\000I\000M\000L\000t\000o\000M\000L\000T\000r\000a\000n\000s\000f\000o\000r\000m\000a\000t\000i\000o\000n}{section.4.2}% 49
\BOOKMARK [3][-]{subsubsection*.181}{\376\377\000m\000i\000m\000l\000.\000t\000r\000a\000n\000s\000f\000o\000r\000m\000a\000t\000i\000o\000n\000.\000m\000i\000m\000l\000T\000O\000m\000l\000.\000m\000i\000m\000l\000\137\000t\000o\000\137\000m\000l\000\137\000t\000r\000a\000n\000s\000f\000o\000r\000m\000a\000t\000i\000o\000n\000.\000M\000I\000M\000L\000t\000o\000M\000L\000T\000r\000a\000n\000s\000f\000o\000r\000m\000a\000t\000i\000o\000n}{subsection.4.2.4}% 50
\BOOKMARK [0][-]{chapter.5}{\376\377\000D\000i\000s\000t\000a\000n\000c\000e\000s}{}% 51
\BOOKMARK [1][-]{section.5.1}{\376\377\000H\000a\000u\000s\000d\000o\000r\000f\000f\000\040\000D\000i\000s\000t\000a\000n\000c\000e}{chapter.5}% 52
\BOOKMARK [1][-]{section.5.2}{\376\377\000M\000a\000x\000i\000m\000a\000l\000\040\000H\000a\000u\000s\000d\000o\000r\000f\000f}{chapter.5}% 53
\BOOKMARK [1][-]{section.5.3}{\376\377\000M\000i\000n\000i\000m\000a\000l\000\040\000H\000a\000u\000s\000d\000o\000r\000f\000f}{chapter.5}% 54
\BOOKMARK [1][-]{section.5.4}{\376\377\000A\000v\000e\000r\000a\000g\000e\000\040\000H\000a\000u\000s\000d\000o\000r\000f\000f}{chapter.5}% 55
\BOOKMARK [0][-]{section*.193}{\376\377\000I\000n\000d\000e\000x}{}% 56
