This is pdfTeX, Version 3.141592653-2.6-1.40.22 (TeX Live 2022/dev/Debian) (preloaded format=pdflatex 2026.8.28)  28 AUG 2026 10:29
entering extended mode
 restricted \write18 enabled.
 %&-line parsing enabled.
**mimllibrary.tex
(./mimllibrary.tex
LaTeX2e <2021-11-15> patch level 1
L3 programming layer <2022-01-21> (./sphinxmanual.cls
Document Class: sphinxmanual 2019/12/01 v2.3.0 Document class (Sphinx manual)
(/usr/share/texlive/texmf-dist/tex/latex/base/report.cls
Document Class: report 2021/10/04 v1.4n Standard LaTeX document class
(/usr/share/texlive/texmf-dist/tex/latex/base/size10.clo
File: size10.clo 2021/10/04 v1.4n Standard LaTeX file (size option)
)
\c@part=\count185
\c@chapter=\count186
\c@section=\count187
\c@subsection=\count188
\c@subsubsection=\count189
\c@paragraph=\count190
\c@subparagraph=\count191
\c@figure=\count192
\c@table=\count193
\abovecaptionskip=\skip47
\belowcaptionskip=\skip48
\bibindent=\dimen138
)
LaTeX Info: Redefining \and on input line 35.
)
(/usr/share/texlive/texmf-dist/tex/latex/base/inputenc.sty
Package: inputenc 2021/02/14 v1.3d Input encoding file
\inpenc@prehook=\toks16
\inpenc@posthook=\toks17
)
   defining Unicode char U+00A0 (decimal 160)
   defining Unicode char U+2500 (decimal 9472)
   defining Unicode char U+2502 (decimal 9474)
   defining Unicode char U+2514 (decimal 9492)
   defining Unicode char U+251C (decimal 9500)
   defining Unicode char U+2572 (decimal 9586)

(/usr/share/texlive/texmf-dist/tex/latex/cmap/cmap.sty
Package: cmap 2021/02/06 v1.0j CMap support: searchable PDF
)
(/usr/share/texlive/texmf-dist/tex/latex/base/fontenc.sty
Package: fontenc 2021/04/29 v2.0v Standard LaTeX package
<<t1.cmap>>)
(/usr/share/texlive/texmf-dist/tex/latex/amsmath/amsmath.sty
Package: amsmath 2021/10/15 v2.17l AMS math features
\@mathmargin=\skip49

For additional information on amsmath, use the `?' option.
(/usr/share/texlive/texmf-dist/tex/latex/amsmath/amstext.sty
Package: amstext 2021/08/26 v2.01 AMS text

(/usr/share/texlive/texmf-dist/tex/latex/amsmath/amsgen.sty
File: amsgen.sty 1999/11/30 v2.0 generic functions
\@emptytoks=\toks18
\ex@=\dimen139
))
(/usr/share/texlive/texmf-dist/tex/latex/amsmath/amsbsy.sty
Package: amsbsy 1999/11/29 v1.2d Bold Symbols
\pmbraise@=\dimen140
)
(/usr/share/texlive/texmf-dist/tex/latex/amsmath/amsopn.sty
Package: amsopn 2021/08/26 v2.02 operator names
)
\inf@bad=\count194
LaTeX Info: Redefining \frac on input line 234.
\uproot@=\count195
\leftroot@=\count196
LaTeX Info: Redefining \overline on input line 399.
\classnum@=\count197
\DOTSCASE@=\count198
LaTeX Info: Redefining \ldots on input line 496.
LaTeX Info: Redefining \dots on input line 499.
LaTeX Info: Redefining \cdots on input line 620.
\Mathstrutbox@=\box50
\strutbox@=\box51
\big@size=\dimen141
LaTeX Font Info:    Redeclaring font encoding OML on input line 743.
LaTeX Font Info:    Redeclaring font encoding OMS on input line 744.
\macc@depth=\count199
\c@MaxMatrixCols=\count266
\dotsspace@=\muskip16
\c@parentequation=\count267
\dspbrk@lvl=\count268
\tag@help=\toks19
\row@=\count269
\column@=\count270
\maxfields@=\count271
\andhelp@=\toks20
\eqnshift@=\dimen142
\alignsep@=\dimen143
\tagshift@=\dimen144
\tagwidth@=\dimen145
\totwidth@=\dimen146
\lineht@=\dimen147
\@envbody=\toks21
\multlinegap=\skip50
\multlinetaggap=\skip51
\mathdisplay@stack=\toks22
LaTeX Info: Redefining \[ on input line 2938.
LaTeX Info: Redefining \] on input line 2939.
)
(/usr/share/texlive/texmf-dist/tex/latex/amsfonts/amssymb.sty
Package: amssymb 2013/01/14 v3.01 AMS font symbols

(/usr/share/texlive/texmf-dist/tex/latex/amsfonts/amsfonts.sty
Package: amsfonts 2013/01/14 v3.01 Basic AMSFonts support
\symAMSa=\mathgroup4
\symAMSb=\mathgroup5
LaTeX Font Info:    Redeclaring math symbol \hbar on input line 98.
LaTeX Font Info:    Overwriting math alphabet `\mathfrak' in version `bold'
(Font)                  U/euf/m/n --> U/euf/b/n on input line 106.
))
(/usr/share/texlive/texmf-dist/tex/generic/babel/babel.sty
Package: babel 2022/01/26 3.70 The Babel package
\babel@savecnt=\count272
\U@D=\dimen148
\l@unhyphenated=\language3

(/usr/share/texlive/texmf-dist/tex/generic/babel/txtbabel.def)
\bbl@readstream=\read2
\bbl@dirlevel=\count273

(/usr/share/texlive/texmf-dist/tex/generic/babel-english/english.ldf
Language: english 2017/06/06 v3.3r English support from the babel system
Package babel Info: Hyphen rules for 'british' set to \l@english
(babel)             (\language0). Reported on input line 82.
Package babel Info: Hyphen rules for 'UKenglish' set to \l@english
(babel)             (\language0). Reported on input line 83.
Package babel Info: Hyphen rules for 'canadian' set to \l@english
(babel)             (\language0). Reported on input line 102.
Package babel Info: Hyphen rules for 'australian' set to \l@english
(babel)             (\language0). Reported on input line 105.
Package babel Info: Hyphen rules for 'newzealand' set to \l@english
(babel)             (\language0). Reported on input line 108.
))
(/usr/share/texmf/tex/latex/tex-gyre/tgtermes.sty
Package: tgtermes 2009/09/27 v1.2 TeX Gyre Termes as default roman family

(/usr/share/texlive/texmf-dist/tex/latex/kvoptions/kvoptions.sty
Package: kvoptions 2020-10-07 v3.14 Key value format for package options (HO)

(/usr/share/texlive/texmf-dist/tex/latex/graphics/keyval.sty
Package: keyval 2014/10/28 v1.15 key=value parser (DPC)
\KV@toks@=\toks23
)
(/usr/share/texlive/texmf-dist/tex/generic/ltxcmds/ltxcmds.sty
Package: ltxcmds 2020-05-10 v1.25 LaTeX kernel commands for general use (HO)
)
(/usr/share/texlive/texmf-dist/tex/generic/kvsetkeys/kvsetkeys.sty
Package: kvsetkeys 2019/12/15 v1.18 Key value parser (HO)
)))
(/usr/share/texmf/tex/latex/tex-gyre/tgheros.sty
Package: tgheros 2009/09/27 v1.2 TeX Gyre Heros as default sans serif family
)
(/usr/share/texlive/texmf-dist/tex/latex/fncychap/fncychap.sty
Package: fncychap 2007/07/30 v1.34 LaTeX package (Revised chapters)
\RW=\skip52
\mylen=\skip53
\myhi=\skip54
\px=\skip55
\py=\skip56
\pyy=\skip57
\pxx=\skip58
\c@AlphaCnt=\count274
\c@AlphaDecCnt=\count275
) (./sphinx.sty
Package: sphinx 2024/10/11 v8.1.1 Sphinx LaTeX package (sphinx-doc)

(/usr/share/texlive/texmf-dist/tex/latex/xcolor/xcolor.sty
Package: xcolor 2021/10/31 v2.13 LaTeX color extensions (UK)

(/usr/share/texlive/texmf-dist/tex/latex/graphics-cfg/color.cfg
File: color.cfg 2016/01/02 v1.6 sample color configuration
)
Package xcolor Info: Driver file: pdftex.def on input line 227.

(/usr/share/texlive/texmf-dist/tex/latex/graphics-def/pdftex.def
File: pdftex.def 2020/10/05 v1.2a Graphics/color driver for pdftex
)
Package xcolor Info: Model `cmy' substituted by `cmy0' on input line 1352.
Package xcolor Info: Model `hsb' substituted by `rgb' on input line 1356.
Package xcolor Info: Model `RGB' extended on input line 1368.
Package xcolor Info: Model `HTML' substituted by `rgb' on input line 1370.
Package xcolor Info: Model `Hsb' substituted by `hsb' on input line 1371.
Package xcolor Info: Model `tHsb' substituted by `hsb' on input line 1372.
Package xcolor Info: Model `HSB' substituted by `hsb' on input line 1373.
Package xcolor Info: Model `Gray' substituted by `gray' on input line 1374.
Package xcolor Info: Model `wave' substituted by `hsb' on input line 1375.
)
(./sphinxoptionshyperref.sty
Package: sphinxoptionshyperref 2021/01/27 hyperref
) (./sphinxoptionsgeometry.sty
Package: sphinxoptionsgeometry 2021/01/27 geometry
)
(/usr/share/texlive/texmf-dist/tex/latex/base/textcomp.sty
Package: textcomp 2020/02/02 v2.0n Standard LaTeX package
)
(/usr/share/texlive/texmf-dist/tex/latex/float/float.sty
Package: float 2001/11/08 v1.3d Float enhancements (AL)
\c@float@type=\count276
\float@exts=\toks24
\float@box=\box52
\@float@everytoks=\toks25
\@floatcapt=\box53
)
(/usr/share/texlive/texmf-dist/tex/latex/wrapfig/wrapfig.sty
\wrapoverhang=\dimen149
\WF@size=\dimen150
\c@WF@wrappedlines=\count277
\WF@box=\box54
\WF@everypar=\toks26
Package: wrapfig 2003/01/31  v 3.6
)
(/usr/share/texlive/texmf-dist/tex/latex/capt-of/capt-of.sty
Package: capt-of 2009/12/29 v0.2 standard captions outside of floats
)
(/usr/share/texlive/texmf-dist/tex/latex/tools/multicol.sty
Package: multicol 2021/10/28 v1.9b multicolumn formatting (FMi)
\c@tracingmulticols=\count278
\mult@box=\box55
\multicol@leftmargin=\dimen151
\c@unbalance=\count279
\c@collectmore=\count280
\doublecol@number=\count281
\multicoltolerance=\count282
\multicolpretolerance=\count283
\full@width=\dimen152
\page@free=\dimen153
\premulticols=\dimen154
\postmulticols=\dimen155
\multicolsep=\skip59
\multicolbaselineskip=\skip60
\partial@page=\box56
\last@line=\box57
\maxbalancingoverflow=\dimen156
\mult@rightbox=\box58
\mult@grightbox=\box59
\mult@firstbox=\box60
\mult@gfirstbox=\box61
\@tempa=\box62
\@tempa=\box63
\@tempa=\box64
\@tempa=\box65
\@tempa=\box66
\@tempa=\box67
\@tempa=\box68
\@tempa=\box69
\@tempa=\box70
\@tempa=\box71
\@tempa=\box72
\@tempa=\box73
\@tempa=\box74
\@tempa=\box75
\@tempa=\box76
\@tempa=\box77
\@tempa=\box78
\@tempa=\box79
\@tempa=\box80
\@tempa=\box81
\@tempa=\box82
\@tempa=\box83
\@tempa=\box84
\@tempa=\box85
\@tempa=\box86
\@tempa=\box87
\@tempa=\box88
\@tempa=\box89
\@tempa=\box90
\@tempa=\box91
\@tempa=\box92
\@tempa=\box93
\@tempa=\box94
\@tempa=\box95
\@tempa=\box96
\@tempa=\box97
\c@minrows=\count284
\c@columnbadness=\count285
\c@finalcolumnbadness=\count286
\last@try=\dimen157
\multicolovershoot=\dimen158
\multicolundershoot=\dimen159
\mult@nat@firstbox=\box98
\colbreak@box=\box99
\mc@col@check@num=\count287
)
(/usr/share/texlive/texmf-dist/tex/latex/graphics/graphicx.sty
Package: graphicx 2021/09/16 v1.2d Enhanced LaTeX Graphics (DPC,SPQR)

(/usr/share/texlive/texmf-dist/tex/latex/graphics/graphics.sty
Package: graphics 2021/03/04 v1.4d Standard LaTeX Graphics (DPC,SPQR)

(/usr/share/texlive/texmf-dist/tex/latex/graphics/trig.sty
Package: trig 2021/08/11 v1.11 sin cos tan (DPC)
)
(/usr/share/texlive/texmf-dist/tex/latex/graphics-cfg/graphics.cfg
File: graphics.cfg 2016/06/04 v1.11 sample graphics configuration
)
Package graphics Info: Driver file: pdftex.def on input line 107.
)
\Gin@req@height=\dimen160
\Gin@req@width=\dimen161
)
(./sphinxlatexgraphics.sty
Package: sphinxlatexgraphics 2024/08/13 v8.1.0 graphics
\spx@image@maxheight=\dimen162
\spx@image@box=\box100
) (./sphinxpackageboxes.sty
Package: sphinxpackageboxes 2024/07/01 v7.4.0 advanced colored boxes

(/usr/share/texlive/texmf-dist/tex/latex/pict2e/pict2e.sty
Package: pict2e 2020/09/30 v0.4b Improved picture commands (HjG,RN,JT)

(/usr/share/texlive/texmf-dist/tex/latex/pict2e/pict2e.cfg
File: pict2e.cfg 2016/02/05 v0.1u pict2e configuration for teTeX/TeXLive
)
Package pict2e Info: Driver file: pdftex.def on input line 112.
Package pict2e Info: Driver file for pict2e: p2e-pdftex.def on input line 114.

(/usr/share/texlive/texmf-dist/tex/latex/pict2e/p2e-pdftex.def
File: p2e-pdftex.def 2016/02/05 v0.1u Driver-dependant file (RN,HjG,JT)
)
\pIIe@GRAPH=\toks27
\@arclen=\dimen163
\@arcrad=\dimen164
\pIIe@tempdima=\dimen165
\pIIe@tempdimb=\dimen166
\pIIe@tempdimc=\dimen167
\pIIe@tempdimd=\dimen168
\pIIe@tempdime=\dimen169
\pIIe@tempdimf=\dimen170
)
(/usr/share/texlive/texmf-dist/tex/latex/ellipse/ellipse.sty
Package: ellipse 2004/11/05 v1.0 .dtx ellipse file
)
\@tempdimd=\dimen171
\spx@tempboxa=\box101
\spx@tempboxb=\box102
\spx@boxes@border@top=\dimen172
\spx@boxes@border@right=\dimen173
\spx@boxes@border@bottom=\dimen174
\spx@boxes@border@left=\dimen175
\spx@boxes@padding@top=\dimen176
\spx@boxes@padding@right=\dimen177
\spx@boxes@padding@bottom=\dimen178
\spx@boxes@padding@left=\dimen179
\spx@boxes@shadow@xoffset=\dimen180
\spx@boxes@shadow@yoffset=\dimen181
\spx@boxes@radius@topleft@x=\dimen182
\spx@boxes@radius@topright@x=\dimen183
\spx@boxes@radius@bottomright@x=\dimen184
\spx@boxes@radius@bottomleft@x=\dimen185
\spx@boxes@radius@topleft@y=\dimen186
\spx@boxes@radius@topright@y=\dimen187
\spx@boxes@radius@bottomright@y=\dimen188
\spx@boxes@radius@bottomleft@y=\dimen189
)
(./sphinxlatexadmonitions.sty
Package: sphinxlatexadmonitions 2024/10/11 v8.1.1 admonitions

(/usr/share/texlive/texmf-dist/tex/latex/framed/framed.sty
Package: framed 2011/10/22 v 0.96: framed or shaded text with page breaks
\OuterFrameSep=\skip61
\fb@frw=\dimen190
\fb@frh=\dimen191
\FrameRule=\dimen192
\FrameSep=\dimen193
)
(./sphinxpackagefootnote.sty
Package: sphinxpackagefootnote 2024/05/17 v7.3.x Sphinx custom footnotehyper pa
ckage (Sphinx team)
\FNH@notes=\box103
\FNH@toks=\toks28
\FNH@width=\dimen194
\c@sphinxfootnotemark=\count288
)
\spx@notice@border=\dimen195
\c@sphinxtodo=\count289
) (./sphinxlatexliterals.sty
Package: sphinxlatexliterals 2024/07/01 v7.4.0 code-blocks and parsed literals

(/usr/share/texlive/texmf-dist/tex/latex/fancyvrb/fancyvrb.sty
Package: fancyvrb 2021/12/21 4.1b verbatim text (tvz,hv)
\FV@CodeLineNo=\count290
\FV@InFile=\read3
\FV@TabBox=\box104
\c@FancyVerbLine=\count291
\FV@StepNumber=\count292
\FV@OutFile=\write3
)
(/usr/share/texlive/texmf-dist/tex/latex/base/alltt.sty
Package: alltt 2021/01/29 v2.0g defines alltt environment
)
(/usr/share/texlive/texmf-dist/tex/latex/upquote/upquote.sty
Package: upquote 2012/04/19 v1.3 upright-quote and grave-accent glyphs in verba
tim
)
(/usr/share/texlive/texmf-dist/tex/latex/needspace/needspace.sty
Package: needspace 2010/09/12 v1.3d reserve vertical space
)
\sphinxcontinuationbox=\box105
\sphinxvisiblespacebox=\box106
\sphinxVerbatim@TitleBox=\box107
\sphinxVerbatim@ContentsBox=\box108
)
(./sphinxlatexshadowbox.sty
Package: sphinxlatexshadowbox 2024/07/28 v8.1.0 sphinxShadowBox
) (./sphinxlatexcontainers.sty
Package: sphinxlatexcontainers 2021/05/03 containers
)
(./sphinxhighlight.sty
Package: sphinxhighlight 2022/06/30 stylesheet for highlighting with pygments
) (./sphinxlatextables.sty
Package: sphinxlatextables 2024/07/01 v7.4.0 tables

(/usr/share/texlive/texmf-dist/tex/latex/tabulary/tabulary.sty
Package: tabulary 2014/06/11 v0.10 tabulary package (DPC)

(/usr/share/texlive/texmf-dist/tex/latex/tools/array.sty
Package: array 2021/10/04 v2.5f Tabular extension package (FMi)
\col@sep=\dimen196
\ar@mcellbox=\box109
\extrarowheight=\dimen197
\NC@list=\toks29
\extratabsurround=\skip62
\backup@length=\skip63
\ar@cellbox=\box110
)
\TY@count=\count293
\TY@linewidth=\dimen198
\tymin=\dimen199
\tymax=\dimen256
\TY@tablewidth=\dimen257
)
(/usr/share/texlive/texmf-dist/tex/latex/tools/longtable.sty
Package: longtable 2021-09-01 v4.17 Multi-page Table package (DPC)
\LTleft=\skip64
\LTright=\skip65
\LTpre=\skip66
\LTpost=\skip67
\LTchunksize=\count294
\LTcapwidth=\dimen258
\LT@head=\box111
\LT@firsthead=\box112
\LT@foot=\box113
\LT@lastfoot=\box114
\LT@gbox=\box115
\LT@cols=\count295
\LT@rows=\count296
\c@LT@tables=\count297
\c@LT@chunks=\count298
\LT@p@ftn=\toks30
)
(/usr/share/texlive/texmf-dist/tex/latex/varwidth/varwidth.sty
Package: varwidth 2009/03/30 ver 0.92;  Variable-width minipages
\@vwid@box=\box116
\sift@deathcycles=\count299
\@vwid@loff=\dimen259
\@vwid@roff=\dimen260
)
\sphinx@TY@tablewidth=\dimen261

(/usr/share/texlive/texmf-dist/tex/latex/colortbl/colortbl.sty
Package: colortbl 2020/01/04 v1.0e Color table columns (DPC)
\everycr=\toks31
\minrowclearance=\skip68
)
\rownum=\count300

(/usr/share/texlive/texmf-dist/tex/latex/booktabs/booktabs.sty
Package: booktabs 2020/01/12 v1.61803398 Publication quality tables
\heavyrulewidth=\dimen262
\lightrulewidth=\dimen263
\cmidrulewidth=\dimen264
\belowrulesep=\dimen265
\belowbottomsep=\dimen266
\aboverulesep=\dimen267
\abovetopsep=\dimen268
\cmidrulesep=\dimen269
\cmidrulekern=\dimen270
\defaultaddspace=\dimen271
\@cmidla=\count301
\@cmidlb=\count302
\@aboverulesep=\dimen272
\@belowrulesep=\dimen273
\@thisruleclass=\count303
\@lastruleclass=\count304
\@thisrulewidth=\dimen274
))
(./sphinxlatexnumfig.sty
Package: sphinxlatexnumfig 2024/07/31 v8.1.0 numbering
) (./sphinxlatexlists.sty
Package: sphinxlatexlists 2021/12/20 lists
\spx@lineitemlabel=\toks32
)
\c@sphinxscope=\count305
 (./sphinxlatexindbibtoc.sty
Package: sphinxlatexindbibtoc 2021/01/27 index, bib., toc

(/usr/share/texlive/texmf-dist/tex/latex/base/makeidx.sty
Package: makeidx 2021/10/04 v1.0m Standard LaTeX package
))
(./sphinxlatexstylepage.sty
Package: sphinxlatexstylepage 2021/01/27 page styling

(/usr/share/texlive/texmf-dist/tex/latex/parskip/parskip.sty
Package: parskip 2021-03-14 v2.0h non-zero parskip adjustments

(/usr/share/texlive/texmf-dist/tex/latex/etoolbox/etoolbox.sty
Package: etoolbox 2020/10/05 v2.5k e-TeX tools for LaTeX (JAW)
\etb@tempcnta=\count306
))
(/usr/share/texlive/texmf-dist/tex/latex/fancyhdr/fancyhdr.sty
Package: fancyhdr 2021/01/28 v4.0.1 Extensive control of page headers and foote
rs
\f@nch@headwidth=\skip69
\f@nch@O@elh=\skip70
\f@nch@O@erh=\skip71
\f@nch@O@olh=\skip72
\f@nch@O@orh=\skip73
\f@nch@O@elf=\skip74
\f@nch@O@erf=\skip75
\f@nch@O@olf=\skip76
\f@nch@O@orf=\skip77
))
(./sphinxlatexstyleheadings.sty
Package: sphinxlatexstyleheadings 2023/02/11 headings

(/usr/share/texlive/texmf-dist/tex/latex/titlesec/titlesec.sty
Package: titlesec 2021/07/05 v2.14 Sectioning titles
\ttl@box=\box117
\beforetitleunit=\skip78
\aftertitleunit=\skip79
\ttl@plus=\dimen275
\ttl@minus=\dimen276
\ttl@toksa=\toks33
\titlewidth=\dimen277
\titlewidthlast=\dimen278
\titlewidthfirst=\dimen279
))
(./sphinxlatexstyletext.sty
Package: sphinxlatexstyletext 2024/07/28 v8.1.0 text styling
) (./sphinxlatexobjects.sty
Package: sphinxlatexobjects 2023/07/23 documentation environments
\sphinxsignaturesep=\skip80
\sphinxsignaturelistskip=\skip81
\py@argswidth=\skip82
\lineblockindentation=\skip83
\DUlineblockindent=\skip84
))
(/usr/share/texlive/texmf-dist/tex/latex/geometry/geometry.sty
Package: geometry 2020/01/02 v5.9 Page Geometry

(/usr/share/texlive/texmf-dist/tex/generic/iftex/ifvtex.sty
Package: ifvtex 2019/10/25 v1.7 ifvtex legacy package. Use iftex instead.

(/usr/share/texlive/texmf-dist/tex/generic/iftex/iftex.sty
Package: iftex 2020/03/06 v1.0d TeX engine tests
))
\Gm@cnth=\count307
\Gm@cntv=\count308
\c@Gm@tempcnt=\count309
\Gm@bindingoffset=\dimen280
\Gm@wd@mp=\dimen281
\Gm@odd@mp=\dimen282
\Gm@even@mp=\dimen283
\Gm@layoutwidth=\dimen284
\Gm@layoutheight=\dimen285
\Gm@layouthoffset=\dimen286
\Gm@layoutvoffset=\dimen287
\Gm@dimlist=\toks34
)
(/usr/share/texlive/texmf-dist/tex/latex/hyperref/hyperref.sty
Package: hyperref 2021-06-07 v7.00m Hypertext links for LaTeX

(/usr/share/texlive/texmf-dist/tex/generic/pdftexcmds/pdftexcmds.sty
Package: pdftexcmds 2020-06-27 v0.33 Utility functions of pdfTeX for LuaTeX (HO
)

(/usr/share/texlive/texmf-dist/tex/generic/infwarerr/infwarerr.sty
Package: infwarerr 2019/12/03 v1.5 Providing info/warning/error messages (HO)
)
Package pdftexcmds Info: \pdf@primitive is available.
Package pdftexcmds Info: \pdf@ifprimitive is available.
Package pdftexcmds Info: \pdfdraftmode found.
)
(/usr/share/texlive/texmf-dist/tex/generic/kvdefinekeys/kvdefinekeys.sty
Package: kvdefinekeys 2019-12-19 v1.6 Define keys (HO)
)
(/usr/share/texlive/texmf-dist/tex/generic/pdfescape/pdfescape.sty
Package: pdfescape 2019/12/09 v1.15 Implements pdfTeX's escape features (HO)
)
(/usr/share/texlive/texmf-dist/tex/latex/hycolor/hycolor.sty
Package: hycolor 2020-01-27 v1.10 Color options for hyperref/bookmark (HO)
)
(/usr/share/texlive/texmf-dist/tex/latex/letltxmacro/letltxmacro.sty
Package: letltxmacro 2019/12/03 v1.6 Let assignment for LaTeX macros (HO)
)
(/usr/share/texlive/texmf-dist/tex/latex/auxhook/auxhook.sty
Package: auxhook 2019-12-17 v1.6 Hooks for auxiliary files (HO)
)
\@linkdim=\dimen288
\Hy@linkcounter=\count310
\Hy@pagecounter=\count311

(/usr/share/texlive/texmf-dist/tex/latex/hyperref/pd1enc.def
File: pd1enc.def 2021-06-07 v7.00m Hyperref: PDFDocEncoding definition (HO)
Now handling font encoding PD1 ...
... no UTF-8 mapping file for font encoding PD1
)
(/usr/share/texlive/texmf-dist/tex/latex/hyperref/hyperref-langpatches.def
File: hyperref-langpatches.def 2021-06-07 v7.00m Hyperref: patches for babel la
nguages
)
(/usr/share/texlive/texmf-dist/tex/generic/intcalc/intcalc.sty
Package: intcalc 2019/12/15 v1.3 Expandable calculations with integers (HO)
)
(/usr/share/texlive/texmf-dist/tex/generic/etexcmds/etexcmds.sty
Package: etexcmds 2019/12/15 v1.7 Avoid name clashes with e-TeX commands (HO)
)
\Hy@SavedSpaceFactor=\count312

(/usr/share/texlive/texmf-dist/tex/latex/hyperref/puenc.def
File: puenc.def 2021-06-07 v7.00m Hyperref: PDF Unicode definition (HO)
Now handling font encoding PU ...
... no UTF-8 mapping file for font encoding PU
)
Package hyperref Info: Option `unicode' set `true' on input line 4073.
Package hyperref Info: Option `colorlinks' set `true' on input line 4073.
Package hyperref Info: Option `breaklinks' set `true' on input line 4073.
Package hyperref Info: Hyper figures OFF on input line 4192.
Package hyperref Info: Link nesting OFF on input line 4197.
Package hyperref Info: Hyper index ON on input line 4200.
Package hyperref Info: Plain pages OFF on input line 4207.
Package hyperref Info: Backreferencing OFF on input line 4212.
Package hyperref Info: Implicit mode ON; LaTeX internals redefined.
Package hyperref Info: Bookmarks ON on input line 4445.
\c@Hy@tempcnt=\count313

(/usr/share/texlive/texmf-dist/tex/latex/url/url.sty
\Urlmuskip=\muskip17
Package: url 2013/09/16  ver 3.4  Verb mode for urls, etc.
)
LaTeX Info: Redefining \url on input line 4804.
\XeTeXLinkMargin=\dimen289

(/usr/share/texlive/texmf-dist/tex/generic/bitset/bitset.sty
Package: bitset 2019/12/09 v1.3 Handle bit-vector datatype (HO)

(/usr/share/texlive/texmf-dist/tex/generic/bigintcalc/bigintcalc.sty
Package: bigintcalc 2019/12/15 v1.5 Expandable calculations on big integers (HO
)
))
\Fld@menulength=\count314
\Field@Width=\dimen290
\Fld@charsize=\dimen291
Package hyperref Info: Hyper figures OFF on input line 6076.
Package hyperref Info: Link nesting OFF on input line 6081.
Package hyperref Info: Hyper index ON on input line 6084.
Package hyperref Info: backreferencing OFF on input line 6091.
Package hyperref Info: Link coloring ON on input line 6094.
Package hyperref Info: Link coloring with OCG OFF on input line 6101.
Package hyperref Info: PDF/A mode OFF on input line 6106.
LaTeX Info: Redefining \ref on input line 6146.
LaTeX Info: Redefining \pageref on input line 6150.

(/usr/share/texlive/texmf-dist/tex/latex/base/atbegshi-ltx.sty
Package: atbegshi-ltx 2021/01/10 v1.0c Emulation of the original atbegshi
package with kernel methods
)
\Hy@abspage=\count315
\c@Item=\count316
\c@Hfootnote=\count317
)
Package hyperref Info: Driver (autodetected): hpdftex.

(/usr/share/texlive/texmf-dist/tex/latex/hyperref/hpdftex.def
File: hpdftex.def 2021-06-07 v7.00m Hyperref driver for pdfTeX

(/usr/share/texlive/texmf-dist/tex/latex/base/atveryend-ltx.sty
Package: atveryend-ltx 2020/08/19 v1.0a Emulation of the original atveryend pac
kage
with kernel methods
)
\Fld@listcount=\count318
\c@bookmark@seq@number=\count319

(/usr/share/texlive/texmf-dist/tex/latex/rerunfilecheck/rerunfilecheck.sty
Package: rerunfilecheck 2019/12/05 v1.9 Rerun checks for auxiliary files (HO)

(/usr/share/texlive/texmf-dist/tex/generic/uniquecounter/uniquecounter.sty
Package: uniquecounter 2019/12/15 v1.4 Provide unlimited unique counter (HO)
)
Package uniquecounter Info: New unique counter `rerunfilecheck' on input line 2
86.
)
\Hy@SectionHShift=\skip85
)
(/usr/share/texlive/texmf-dist/tex/latex/oberdiek/hypcap.sty
Package: hypcap 2016/05/16 v1.12 Adjusting the anchors of captions (HO)
)
(./sphinxmessages.sty
Package: sphinxmessages 2019/01/04 v2.0 Localized LaTeX macros (Sphinx team)
)
\@indexfile=\write4
\openout4 = `mimllibrary.idx'.


Writing index file mimllibrary.idx
LaTeX Font Info:    Trying to load font information for T1+qtm on input line 72
.
(/usr/share/texmf/tex/latex/tex-gyre/t1qtm.fd
File: t1qtm.fd 2009/09/25 v1.2 font definition file for T1/qtm
)
(/usr/share/texlive/texmf-dist/tex/latex/l3backend/l3backend-pdftex.def
File: l3backend-pdftex.def 2022-01-12 L3 backend support: PDF output (pdfTeX)
\l__color_backend_stack_int=\count320
\l__pdf_internal_box=\box118
)
(./mimllibrary.aux)
\openout1 = `mimllibrary.aux'.

LaTeX Font Info:    Checking defaults for OML/cmm/m/it on input line 72.
LaTeX Font Info:    ... okay on input line 72.
LaTeX Font Info:    Checking defaults for OMS/cmsy/m/n on input line 72.
LaTeX Font Info:    ... okay on input line 72.
LaTeX Font Info:    Checking defaults for OT1/cmr/m/n on input line 72.
LaTeX Font Info:    ... okay on input line 72.
LaTeX Font Info:    Checking defaults for T1/cmr/m/n on input line 72.
LaTeX Font Info:    ... okay on input line 72.
LaTeX Font Info:    Checking defaults for TS1/cmr/m/n on input line 72.
LaTeX Font Info:    ... okay on input line 72.
LaTeX Font Info:    Checking defaults for OMX/cmex/m/n on input line 72.
LaTeX Font Info:    ... okay on input line 72.
LaTeX Font Info:    Checking defaults for U/cmr/m/n on input line 72.
LaTeX Font Info:    ... okay on input line 72.
LaTeX Font Info:    Checking defaults for PD1/pdf/m/n on input line 72.
LaTeX Font Info:    ... okay on input line 72.
LaTeX Font Info:    Checking defaults for PU/pdf/m/n on input line 72.
LaTeX Font Info:    ... okay on input line 72.

(/usr/share/texlive/texmf-dist/tex/context/base/mkii/supp-pdf.mkii
[Loading MPS to PDF converter (version 2006.09.02).]
\scratchcounter=\count321
\scratchdimen=\dimen292
\scratchbox=\box119
\nofMPsegments=\count322
\nofMParguments=\count323
\everyMPshowfont=\toks35
\MPscratchCnt=\count324
\MPscratchDim=\dimen293
\MPnumerator=\count325
\makeMPintoPDFobject=\count326
\everyMPtoPDFconversion=\toks36
) (/usr/share/texlive/texmf-dist/tex/latex/epstopdf-pkg/epstopdf-base.sty
Package: epstopdf-base 2020-01-24 v2.11 Base part for package epstopdf
Package epstopdf-base Info: Redefining graphics rule for `.eps' on input line 4
85.

(/usr/share/texlive/texmf-dist/tex/latex/latexconfig/epstopdf-sys.cfg
File: epstopdf-sys.cfg 2010/07/13 v1.3 Configuration of (r)epstopdf for TeX Liv
e
))
\c@literalblock=\count327

*geometry* driver: auto-detecting
*geometry* detected driver: pdftex
*geometry* verbose mode - [ preamble ] result:
* driver: pdftex
* paper: letterpaper
* layout: <same size as paper>
* layoutoffset:(h,v)=(0.0pt,0.0pt)
* modes: twoside 
* h-part:(L,W,R)=(72.26999pt, 469.75502pt, 72.26999pt)
* v-part:(T,H,B)=(72.26999pt, 650.43001pt, 72.26999pt)
* \paperwidth=614.295pt
* \paperheight=794.96999pt
* \textwidth=469.75502pt
* \textheight=650.43001pt
* \oddsidemargin=0.0pt
* \evensidemargin=0.0pt
* \topmargin=-37.0pt
* \headheight=12.0pt
* \headsep=25.0pt
* \topskip=10.0pt
* \footskip=30.0pt
* \marginparwidth=36.135pt
* \marginparsep=11.0pt
* \columnsep=10.0pt
* \skip\footins=9.0pt plus 4.0pt minus 2.0pt
* \hoffset=0.0pt
* \voffset=0.0pt
* \mag=1000
* \@twocolumnfalse
* \@twosidetrue
* \@mparswitchtrue
* \@reversemarginfalse
* (1in=72.27pt=25.4mm, 1cm=28.453pt)

Package hyperref Info: Link coloring ON on input line 72.
(/usr/share/texlive/texmf-dist/tex/latex/hyperref/nameref.sty
Package: nameref 2021-04-02 v2.47 Cross-referencing by name of section

(/usr/share/texlive/texmf-dist/tex/latex/refcount/refcount.sty
Package: refcount 2019/12/15 v3.6 Data extraction from label references (HO)
)
(/usr/share/texlive/texmf-dist/tex/generic/gettitlestring/gettitlestring.sty
Package: gettitlestring 2019/12/15 v1.6 Cleanup title references (HO)
)
\c@section@level=\count328
)
LaTeX Info: Redefining \ref on input line 72.
LaTeX Info: Redefining \pageref on input line 72.
LaTeX Info: Redefining \nameref on input line 72.

(./mimllibrary.out) (./mimllibrary.out)
\@outlinefile=\write5
\openout5 = `mimllibrary.out'.

Package hyperref Info: Option `pageanchor' set `false' on input line 80.
LaTeX Font Info:    Trying to load font information for T1+qhv on input line 80
.

(/usr/share/texmf/tex/latex/tex-gyre/t1qhv.fd
File: t1qhv.fd 2009/09/25 v1.2 font definition file for T1/qhv
)<<ot1.cmap>><<oml.cmap>><<oms.cmap>><<omx.cmap>>
LaTeX Font Info:    Trying to load font information for U+msa on input line 80.

 (/usr/share/texlive/texmf-dist/tex/latex/amsfonts/umsa.fd
File: umsa.fd 2013/01/14 v3.01 AMS symbols A
)
LaTeX Font Info:    Trying to load font information for U+msb on input line 80.


(/usr/share/texlive/texmf-dist/tex/latex/amsfonts/umsb.fd
File: umsb.fd 2013/01/14 v3.01 AMS symbols B
) [1

{/var/lib/texmf/fonts/map/pdftex/updmap/pdftex.map}] [2


] (./mimllibrary.toc)
\tf@toc=\write6
\openout6 = `mimllibrary.toc'.

 [1

] [2

] [1] [2

]
Chapter 1.
LaTeX Font Info:    Trying to load font information for T1+txtt on input line 1
23.
(/usr/share/texlive/texmf-dist/tex/latex/txfonts/t1txtt.fd
File: t1txtt.fd 2000/12/15 v3.1
)
LaTeX Font Info:    Font shape `T1/txtt/m/it' in size <10> not available
(Font)              Font shape `T1/txtt/m/sl' tried instead on input line 123.

Underfull \hbox (badness 10000) in paragraph at lines 123--123
[]|[][]\T1/txtt/m/sl/10 miml.classifier.mi.apr_classifier.
 []


Underfull \hbox (badness 10000) in paragraph at lines 123--123
[]|[][]\T1/txtt/m/sl/10 miml.classifier.mi.apr_classifier.
 []

LaTeX Font Info:    Font shape `T1/txtt/b/n' in size <10> not available
(Font)              Font shape `T1/txtt/bx/n' tried instead on input line 137.
LaTeX Font Info:    Trying to load font information for TS1+qtm on input line 1
88.
(/usr/share/texmf/tex/latex/tex-gyre/ts1qtm.fd
File: ts1qtm.fd 2009/09/25 v1.2 font definition file for TS1/qtm
) [3]
Underfull \hbox (badness 10000) in paragraph at lines 284--284
[]|[][]\T1/txtt/m/sl/10 miml.classifier.mi.mi_wrapper_classifier.
 []


Underfull \hbox (badness 10000) in paragraph at lines 284--284
[]|[][]\T1/txtt/m/sl/10 miml.classifier.mi.mi_wrapper_classifier.
 []


Overfull \hbox (50.76392pt too wide) in paragraph at lines 300--300
[]\T1/qtm/m/it/10 base_classifier=DecisionTreeClassifier()\T1/txtt/m/n/10 )|  
 []

[4]
Underfull \hbox (badness 10000) in paragraph at lines 451--451
[]|[][]\T1/txtt/m/sl/10 miml.classifier.miml_classifier.
 []


Underfull \hbox (badness 10000) in paragraph at lines 451--451
[]|[][]\T1/txtt/m/sl/10 miml.classifier.miml_classifier.
 []

[5]
Underfull \hbox (badness 10000) in paragraph at lines 663--663
[]|[][]\T1/txtt/m/sl/10 miml.classifier.mimlTOml.
 []


Underfull \hbox (badness 10000) in paragraph at lines 663--663
[]|[][]\T1/txtt/m/sl/10 miml.classifier.mimlTOml.
 []

[6] [7]
Underfull \hbox (badness 10000) in paragraph at lines 870--870
[]|[][]\T1/txtt/m/sl/10 miml.classifier.mimlTOmi.
 []


Underfull \hbox (badness 10000) in paragraph at lines 870--870
[]|[][]\T1/txtt/m/sl/10 miml.classifier.mimlTOmi.
 []

[8]
Underfull \hbox (badness 10000) in paragraph at lines 1075--1075
[]|[][]\T1/txtt/m/sl/10 miml.classifier.mimlTOmi.
 []


Underfull \hbox (badness 10000) in paragraph at lines 1075--1075
\T1/txtt/m/sl/10 miml_to_mi_br_classifier.
 []


Underfull \hbox (badness 10000) in paragraph at lines 1075--1075
[]|[][]\T1/txtt/m/sl/10 miml.classifier.mimlTOmi.
 []


Underfull \hbox (badness 10000) in paragraph at lines 1075--1075
\T1/txtt/m/sl/10 miml_to_mi_br_classifier.
 []

[9]
Underfull \hbox (badness 10000) in paragraph at lines 1283--1283
[]|[][]\T1/txtt/m/sl/10 miml.classifier.mimlTOmi.
 []


Underfull \hbox (badness 10000) in paragraph at lines 1283--1283
\T1/txtt/m/sl/10 miml_to_mi_lp_classifier.
 []


Underfull \hbox (badness 10000) in paragraph at lines 1283--1283
[]|[][]\T1/txtt/m/sl/10 miml.classifier.mimlTOmi.
 []


Underfull \hbox (badness 10000) in paragraph at lines 1283--1283
\T1/txtt/m/sl/10 miml_to_mi_lp_classifier.
 []

[10] [11] [12] [13] [14]
Overfull \hbox (61.0036pt too wide) in paragraph at lines 1992--1992
[]\T1/qtm/m/it/10 metric=None\T1/txtt/m/n/10 )|  
 []

[15] [16]
Chapter 2.
[17

] [18] [19] [20] [21] [22] [23] [24] [25] [26] [27] [28]
Chapter 3.
[29

] [30

]
Chapter 4.

Underfull \hbox (badness 10000) in paragraph at lines 4443--4443
[]|[][]\T1/txtt/m/sl/10 miml.transformation.mimlTOmi.
 []


Underfull \hbox (badness 10000) in paragraph at lines 4443--4443
\T1/txtt/m/sl/10 binary_relevance_transformation.
 []


Underfull \hbox (badness 10000) in paragraph at lines 4443--4443
[]|[][]\T1/txtt/m/sl/10 miml.transformation.mimlTOmi.
 []


Underfull \hbox (badness 10000) in paragraph at lines 4443--4443
\T1/txtt/m/sl/10 binary_relevance_transformation.
 []

[31]
Underfull \hbox (badness 10000) in paragraph at lines 4543--4543
[]|[][]\T1/txtt/m/sl/10 miml.transformation.mimlTOmi.
 []


Underfull \hbox (badness 10000) in paragraph at lines 4543--4543
\T1/txtt/m/sl/10 label_powerset_transformation.
 []


Underfull \hbox (badness 10000) in paragraph at lines 4543--4543
[]|[][]\T1/txtt/m/sl/10 miml.transformation.mimlTOmi.
 []


Underfull \hbox (badness 10000) in paragraph at lines 4543--4543
\T1/txtt/m/sl/10 label_powerset_transformation.
 []

[32]
Underfull \hbox (badness 10000) in paragraph at lines 4706--4706
[]|[][]\T1/txtt/m/sl/10 miml.transformation.mimlTOml.arithmetic.
 []


Underfull \hbox (badness 10000) in paragraph at lines 4706--4706
[]|[][]\T1/txtt/m/sl/10 miml.transformation.mimlTOml.arithmetic.
 []


Underfull \hbox (badness 10000) in paragraph at lines 4810--4810
[]|[][]\T1/txtt/m/sl/10 miml.transformation.mimlTOml.geometric.
 []


Underfull \hbox (badness 10000) in paragraph at lines 4810--4810
[]|[][]\T1/txtt/m/sl/10 miml.transformation.mimlTOml.geometric.
 []

[33]
Underfull \hbox (badness 10000) in paragraph at lines 4920--4920
[]|[][]\T1/txtt/m/sl/10 miml.transformation.mimlTOml.minmax.
 []


Underfull \hbox (badness 10000) in paragraph at lines 4920--4920
[]|[][]\T1/txtt/m/sl/10 miml.transformation.mimlTOml.minmax.
 []

[34]
Underfull \hbox (badness 10000) in paragraph at lines 5024--5024
[]|[][]\T1/txtt/m/sl/10 miml.transformation.mimlTOml.
 []


Underfull \hbox (badness 10000) in paragraph at lines 5024--5024
\T1/txtt/m/sl/10 miml_to_ml_transformation.
 []


Underfull \hbox (badness 10000) in paragraph at lines 5024--5024
[]|[][]\T1/txtt/m/sl/10 miml.transformation.mimlTOml.
 []


Underfull \hbox (badness 10000) in paragraph at lines 5024--5024
\T1/txtt/m/sl/10 miml_to_ml_transformation.
 []

[35] [36

]
Chapter 5.
[37] [38] (./mimllibrary.ind [39] [40

]
Underfull \hbox (badness 10000) in paragraph at lines 9--10
[]\T1/txtt/m/n/10 add_attribute() \T1/qtm/m/n/10 (\T1/qtm/m/it/10 miml.data.ins
tance.Instance
 []


Overfull \hbox (9.40228pt too wide) in paragraph at lines 10--12
[]\T1/txtt/m/n/10 add_attribute() \T1/qtm/m/n/10 (\T1/qtm/m/it/10 miml.data.mim
l_dataset.MIMLDataset
 []


Underfull \hbox (badness 10000) in paragraph at lines 12--13
[]\T1/txtt/m/n/10 add_bag() \T1/qtm/m/n/10 (\T1/qtm/m/it/10 miml.data.miml_data
set.MIMLDataset
 []


Overfull \hbox (4.1523pt too wide) in paragraph at lines 14--16
[]\T1/txtt/m/n/10 add_instance() \T1/qtm/m/n/10 (\T1/qtm/m/it/10 miml.data.miml
_dataset.MIMLDataset
 []


Underfull \hbox (badness 10000) in paragraph at lines 18--20
[]\T1/txtt/m/n/10 APRClassifier \T1/qtm/m/n/10 (\T1/qtm/m/it/10 class in
 []


Underfull \hbox (badness 10000) in paragraph at lines 20--22
[]\T1/txtt/m/n/10 ArithmeticTransformation \T1/qtm/m/n/10 (\T1/qtm/m/it/10 clas
s in
 []


Underfull \hbox (badness 10000) in paragraph at lines 22--23
[]\T1/txtt/m/n/10 AverageHausdorff \T1/qtm/m/n/10 (\T1/qtm/m/it/10 class in
 []


Overfull \hbox (103.23228pt too wide) in paragraph at lines 27--29
[]\T1/txtt/m/n/10 base_classifier \T1/qtm/m/n/10 (\T1/qtm/m/it/10 miml.classifi
er.mi.mi_wrapper_classifier.MIWrapperClassifier
 []


Underfull \hbox (badness 10000) in paragraph at lines 29--31
[]\T1/txtt/m/n/10 BinaryRelevanceTransformation \T1/qtm/m/n/10 (\T1/qtm/m/it/10
 class in
 []


Overfull \hbox (79.98244pt too wide) in paragraph at lines 29--31
\T1/qtm/m/it/10 miml.transformation.mimlTOmi.binary_relevance_transformation\T1
/qtm/m/n/10 ),
 []


Overfull \hbox (164.34238pt too wide) in paragraph at lines 31--33
[]\T1/txtt/m/n/10 build() \T1/qtm/m/n/10 (\T1/qtm/m/it/10 miml.classifier.miml.
lazy.multi_instance_multi_label_knn.MultiInstanceMultiLabelKNN
 []


Overfull \hbox (71.77226pt too wide) in paragraph at lines 33--35
[]\T1/txtt/m/n/10 build_internal() \T1/qtm/m/n/10 (\T1/qtm/m/it/10 miml.classif
ier.miml.lazy.miml_br_knn.MIMLBRkNN
 []


Overfull \hbox (48.99226pt too wide) in paragraph at lines 35--37
[]\T1/txtt/m/n/10 build_internal() \T1/qtm/m/n/10 (\T1/qtm/m/it/10 miml.classif
ier.miml.lazy.miml_dgc.MIMLDGC
 []


Overfull \hbox (45.66226pt too wide) in paragraph at lines 37--39
[]\T1/txtt/m/n/10 build_internal() \T1/qtm/m/n/10 (\T1/qtm/m/it/10 miml.classif
ier.miml.lazy.miml_knn.MIMLkNN
 []


Overfull \hbox (88.43227pt too wide) in paragraph at lines 39--41
[]\T1/txtt/m/n/10 build_internal() \T1/qtm/m/n/10 (\T1/qtm/m/it/10 miml.classif
ier.miml.lazy.miml_map_knn.MIMLMAPkNN
 []


Overfull \hbox (211.59224pt too wide) in paragraph at lines 41--43
[]\T1/txtt/m/n/10 build_internal() \T1/qtm/m/n/10 (\T1/qtm/m/it/10 miml.classif
ier.miml.lazy.multi_instance_multi_label_knn.MultiInstanceMultiLabelKNN
 []


Underfull \hbox (badness 10000) in paragraph at lines 46--47
[]\T1/txtt/m/n/10 calculate_metrics() \T1/qtm/m/n/10 (\T1/qtm/m/it/10 miml.repo
rt.report.Report
 []


Underfull \hbox (badness 10000) in paragraph at lines 53--54
[]\T1/txtt/m/n/10 delete_attribute() \T1/qtm/m/n/10 (\T1/qtm/m/it/10 miml.data.
instance.Instance
 []


Overfull \hbox (25.15224pt too wide) in paragraph at lines 54--56
[]\T1/txtt/m/n/10 delete_attribute() \T1/qtm/m/n/10 (\T1/qtm/m/it/10 miml.data.
miml_dataset.MIMLDataset
 []


Underfull \hbox (badness 10000) in paragraph at lines 56--58
[]\T1/txtt/m/n/10 delete_bag() \T1/qtm/m/n/10 (\T1/qtm/m/it/10 miml.data.miml_d
ataset.MIMLDataset
 []


Overfull \hbox (19.90225pt too wide) in paragraph at lines 59--61
[]\T1/txtt/m/n/10 delete_instance() \T1/qtm/m/n/10 (\T1/qtm/m/it/10 miml.data.m
iml_dataset.MIMLDataset
 []


Underfull \hbox (badness 10000) in paragraph at lines 61--62
[]\T1/txtt/m/n/10 density() \T1/qtm/m/n/10 (\T1/qtm/m/it/10 miml.data.miml_data
set.MIMLDataset
 []


Underfull \hbox (badness 10000) in paragraph at lines 62--63
[]\T1/txtt/m/n/10 describe() \T1/qtm/m/n/10 (\T1/qtm/m/it/10 miml.data.miml_dat
aset.MIMLDataset
 []


Overfull \hbox (19.56221pt too wide) in paragraph at lines 63--65
[]\T1/txtt/m/n/10 distance() \T1/qtm/m/n/10 (\T1/qtm/m/it/10 miml.core.average_
hausdorff.AverageHausdorff
 []


Overfull \hbox (25.21227pt too wide) in paragraph at lines 65--67
[]\T1/txtt/m/n/10 distance() \T1/qtm/m/n/10 (\T1/qtm/m/it/10 miml.core.hausdorf
f_distance.HausdorffDistance
 []


Overfull \hbox (26.52228pt too wide) in paragraph at lines 67--69
[]\T1/txtt/m/n/10 distance() \T1/qtm/m/n/10 (\T1/qtm/m/it/10 miml.core.maximal_
hausdorff.MaximalHausdorff
 []


Overfull \hbox (23.20227pt too wide) in paragraph at lines 69--71
[]\T1/txtt/m/n/10 distance() \T1/qtm/m/n/10 (\T1/qtm/m/it/10 miml.core.minimal_
hausdorff.MinimalHausdorff
 []


Underfull \hbox (badness 10000) in paragraph at lines 71--72
[]\T1/txtt/m/n/10 distinct() \T1/qtm/m/n/10 (\T1/qtm/m/it/10 miml.data.miml_dat
aset.MIMLDataset
 []


Overfull \hbox (180.09233pt too wide) in paragraph at lines 75--77
[]\T1/txtt/m/n/10 evaluate() \T1/qtm/m/n/10 (\T1/qtm/m/it/10 miml.classifier.mi
ml.lazy.multi_instance_multi_label_knn.MultiInstanceMultiLabelKNN
 []


Overfull \hbox (14.83235pt too wide) in paragraph at lines 77--79
[]\T1/txtt/m/n/10 evaluate() \T1/qtm/m/n/10 (\T1/qtm/m/it/10 miml.classifier.mi
ml_classifier.MIMLClassifier
 []


Overfull \hbox (132.79234pt too wide) in paragraph at lines 79--81
[]\T1/txtt/m/n/10 evaluate() \T1/qtm/m/n/10 (\T1/qtm/m/it/10 miml.classifier.mi
mlTOmi.miml_to_mi_br_classifier.MIMLtoMIBRClassifier
 []


Overfull \hbox (106.93234pt too wide) in paragraph at lines 81--83
[]\T1/txtt/m/n/10 evaluate() \T1/qtm/m/n/10 (\T1/qtm/m/it/10 miml.classifier.mi
mlTOmi.miml_to_mi_classifier.MIMLtoMIClassifier
 []


Overfull \hbox (131.38234pt too wide) in paragraph at lines 83--85
[]\T1/txtt/m/n/10 evaluate() \T1/qtm/m/n/10 (\T1/qtm/m/it/10 miml.classifier.mi
mlTOmi.miml_to_mi_lp_classifier.MIMLtoMILPClassifier
 []


Overfull \hbox (109.16234pt too wide) in paragraph at lines 85--87
[]\T1/txtt/m/n/10 evaluate() \T1/qtm/m/n/10 (\T1/qtm/m/it/10 miml.classifier.mi
mlTOml.miml_to_ml_classifier.MIMLtoMLClassifier
 []

[41

]
Underfull \hbox (badness 10000) in paragraph at lines 90--92
[]\T1/txtt/m/n/10 fit() \T1/qtm/m/n/10 (\T1/qtm/m/it/10 miml.classifier.mi.apr_
classifier.APRClassifier
 []


Overfull \hbox (50.73244pt too wide) in paragraph at lines 92--94
[]\T1/txtt/m/n/10 fit() \T1/qtm/m/n/10 (\T1/qtm/m/it/10 miml.classifier.mi.mi_w
rapper_classifier.MIWrapperClassifier
 []


Underfull \hbox (badness 10000) in paragraph at lines 94--96
[]\T1/txtt/m/n/10 fit() \T1/qtm/m/n/10 (\T1/qtm/m/it/10 miml.classifier.miml_cl
assifier.MIMLClassifier
 []


Overfull \hbox (106.54242pt too wide) in paragraph at lines 96--98
[]\T1/txtt/m/n/10 fit() \T1/qtm/m/n/10 (\T1/qtm/m/it/10 miml.classifier.mimlTOm
i.miml_to_mi_br_classifier.MIMLtoMIBRClassifier
 []


Overfull \hbox (80.68242pt too wide) in paragraph at lines 98--100
[]\T1/txtt/m/n/10 fit() \T1/qtm/m/n/10 (\T1/qtm/m/it/10 miml.classifier.mimlTOm
i.miml_to_mi_classifier.MIMLtoMIClassifier
 []


Overfull \hbox (105.13242pt too wide) in paragraph at lines 100--102
[]\T1/txtt/m/n/10 fit() \T1/qtm/m/n/10 (\T1/qtm/m/it/10 miml.classifier.mimlTOm
i.miml_to_mi_lp_classifier.MIMLtoMILPClassifier
 []


Overfull \hbox (82.91241pt too wide) in paragraph at lines 102--104
[]\T1/txtt/m/n/10 fit() \T1/qtm/m/n/10 (\T1/qtm/m/it/10 miml.classifier.mimlTOm
l.miml_to_ml_classifier.MIMLtoMLClassifier
 []


Overfull \hbox (35.83229pt too wide) in paragraph at lines 104--106
[]\T1/txtt/m/n/10 fit_internal() \T1/qtm/m/n/10 (\T1/qtm/m/it/10 miml.classifie
r.miml_classifier.MIMLClassifier
 []


Overfull \hbox (153.79228pt too wide) in paragraph at lines 106--108
[]\T1/txtt/m/n/10 fit_internal() \T1/qtm/m/n/10 (\T1/qtm/m/it/10 miml.classifie
r.mimlTOmi.miml_to_mi_br_classifier.MIMLtoMIBRClassifier
 []


Overfull \hbox (127.93228pt too wide) in paragraph at lines 108--110
[]\T1/txtt/m/n/10 fit_internal() \T1/qtm/m/n/10 (\T1/qtm/m/it/10 miml.classifie
r.mimlTOmi.miml_to_mi_classifier.MIMLtoMIClassifier
 []


Overfull \hbox (152.38228pt too wide) in paragraph at lines 110--112
[]\T1/txtt/m/n/10 fit_internal() \T1/qtm/m/n/10 (\T1/qtm/m/it/10 miml.classifie
r.mimlTOmi.miml_to_mi_lp_classifier.MIMLtoMILPClassifier
 []


Overfull \hbox (130.16228pt too wide) in paragraph at lines 112--114
[]\T1/txtt/m/n/10 fit_internal() \T1/qtm/m/n/10 (\T1/qtm/m/it/10 miml.classifie
r.mimlTOml.miml_to_ml_classifier.MIMLtoMLClassifier
 []


Underfull \hbox (badness 10000) in paragraph at lines 117--119
[]\T1/txtt/m/n/10 GeometricTransformation \T1/qtm/m/n/10 (\T1/qtm/m/it/10 class
 in
 []


Underfull \hbox (badness 10000) in paragraph at lines 120--121
[]\T1/txtt/m/n/10 get_attribute() \T1/qtm/m/n/10 (\T1/qtm/m/it/10 miml.data.ins
tance.Instance
 []


Overfull \hbox (9.40228pt too wide) in paragraph at lines 121--123
[]\T1/txtt/m/n/10 get_attribute() \T1/qtm/m/n/10 (\T1/qtm/m/it/10 miml.data.mim
l_dataset.MIMLDataset
 []


Underfull \hbox (badness 10000) in paragraph at lines 124--125
[]\T1/txtt/m/n/10 get_attributes() \T1/qtm/m/n/10 (\T1/qtm/m/it/10 miml.data.in
stance.Instance
 []


Overfull \hbox (14.65227pt too wide) in paragraph at lines 125--127
[]\T1/txtt/m/n/10 get_attributes() \T1/qtm/m/n/10 (\T1/qtm/m/it/10 miml.data.mi
ml_dataset.MIMLDataset
 []


Underfull \hbox (badness 10000) in paragraph at lines 130--132
[]\T1/txtt/m/n/10 get_attributes_name()
 []


Underfull \hbox (badness 10000) in paragraph at lines 130--132
\T1/qtm/m/n/10 (\T1/qtm/m/it/10 miml.data.miml_dataset.MIMLDataset
 []


Underfull \hbox (badness 10000) in paragraph at lines 132--133
[]\T1/txtt/m/n/10 get_bag() \T1/qtm/m/n/10 (\T1/qtm/m/it/10 miml.data.miml_data
set.MIMLDataset
 []


Overfull \hbox (206.34225pt too wide) in paragraph at lines 133--135
[]\T1/txtt/m/n/10 get_distances() \T1/qtm/m/n/10 (\T1/qtm/m/it/10 miml.classifi
er.miml.lazy.multi_instance_multi_label_knn.MultiInstanceMultiLabelKNN
 []


Overfull \hbox (66.52228pt too wide) in paragraph at lines 135--137
[]\T1/txtt/m/n/10 get_extension() \T1/qtm/m/n/10 (\T1/qtm/m/it/10 miml.classifi
er.miml.lazy.miml_br_knn.MIMLBRkNN
 []


Overfull \hbox (4.1523pt too wide) in paragraph at lines 139--141
[]\T1/txtt/m/n/10 get_features() \T1/qtm/m/n/10 (\T1/qtm/m/it/10 miml.data.miml
_dataset.MIMLDataset
 []


Underfull \hbox (badness 10000) in paragraph at lines 141--143
[]\T1/txtt/m/n/10 get_features_by_bag()
 []


Underfull \hbox (badness 10000) in paragraph at lines 141--143
\T1/qtm/m/n/10 (\T1/qtm/m/it/10 miml.data.miml_dataset.MIMLDataset
 []


Underfull \hbox (badness 6078) in paragraph at lines 143--144
[]\T1/txtt/m/n/10 get_features_name() \T1/qtm/m/n/10 (\T1/qtm/m/it/10 miml.data
.bag.Bag method\T1/qtm/m/n/10 ),
 []


Underfull \hbox (badness 10000) in paragraph at lines 144--146
[]\T1/txtt/m/n/10 get_features_name() \T1/qtm/m/n/10 (\T1/qtm/m/it/10 miml.data
.instance.Instance
 []


Underfull \hbox (badness 10000) in paragraph at lines 146--148
[]\T1/txtt/m/n/10 get_features_name()
 []


Underfull \hbox (badness 10000) in paragraph at lines 146--148
\T1/qtm/m/n/10 (\T1/qtm/m/it/10 miml.data.miml_dataset.MIMLDataset
 []


Overfull \hbox (4.1523pt too wide) in paragraph at lines 149--151
[]\T1/txtt/m/n/10 get_instance() \T1/qtm/m/n/10 (\T1/qtm/m/it/10 miml.data.miml
_dataset.MIMLDataset
 []


Underfull \hbox (badness 10000) in paragraph at lines 153--155
[]\T1/txtt/m/n/10 get_labels() \T1/qtm/m/n/10 (\T1/qtm/m/it/10 miml.data.miml_d
ataset.MIMLDataset
 []


Underfull \hbox (badness 10000) in paragraph at lines 155--157
[]\T1/txtt/m/n/10 get_labels_by_bag()
 []


Underfull \hbox (badness 10000) in paragraph at lines 155--157
\T1/qtm/m/n/10 (\T1/qtm/m/it/10 miml.data.miml_dataset.MIMLDataset
 []


Underfull \hbox (badness 10000) in paragraph at lines 158--159
[]\T1/txtt/m/n/10 get_labels_name() \T1/qtm/m/n/10 (\T1/qtm/m/it/10 miml.data.i
nstance.Instance
 []


Overfull \hbox (19.90225pt too wide) in paragraph at lines 159--161
[]\T1/txtt/m/n/10 get_labels_name() \T1/qtm/m/n/10 (\T1/qtm/m/it/10 miml.data.m
iml_dataset.MIMLDataset
 []


Underfull \hbox (badness 10000) in paragraph at lines 161--162
[]\T1/txtt/m/n/10 get_name() \T1/qtm/m/n/10 (\T1/qtm/m/it/10 miml.data.miml_dat
aset.MIMLDataset
 []


Underfull \hbox (badness 10000) in paragraph at lines 162--163
[]\T1/txtt/m/n/10 get_number_attributes() \T1/qtm/m/n/10 (\T1/qtm/m/it/10 miml.
data.bag.Bag
 []


Underfull \hbox (badness 10000) in paragraph at lines 163--165
[]\T1/txtt/m/n/10 get_number_attributes()
 []


Underfull \hbox (badness 10000) in paragraph at lines 165--167
[]\T1/txtt/m/n/10 get_number_attributes()
 []


Underfull \hbox (badness 10000) in paragraph at lines 165--167
\T1/qtm/m/n/10 (\T1/qtm/m/it/10 miml.data.miml_dataset.MIMLDataset
 []


Overfull \hbox (19.90225pt too wide) in paragraph at lines 167--169
[]\T1/txtt/m/n/10 get_number_bags() \T1/qtm/m/n/10 (\T1/qtm/m/it/10 miml.data.m
iml_dataset.MIMLDataset
 []


Underfull \hbox (badness 10000) in paragraph at lines 172--174
[]\T1/txtt/m/n/10 get_number_features()
 []


Underfull \hbox (badness 10000) in paragraph at lines 172--174
\T1/qtm/m/n/10 (\T1/qtm/m/it/10 miml.data.miml_dataset.MIMLDataset
 []


Underfull \hbox (badness 10000) in paragraph at lines 174--175
[]\T1/txtt/m/n/10 get_number_instances() \T1/qtm/m/n/10 (\T1/qtm/m/it/10 miml.d
ata.bag.Bag
 []


Underfull \hbox (badness 10000) in paragraph at lines 175--177
[]\T1/txtt/m/n/10 get_number_instances()
 []


Underfull \hbox (badness 10000) in paragraph at lines 175--177
\T1/qtm/m/n/10 (\T1/qtm/m/it/10 miml.data.miml_dataset.MIMLDataset
 []

[42]
Underfull \hbox (badness 6078) in paragraph at lines 177--178
[]\T1/txtt/m/n/10 get_number_labels() \T1/qtm/m/n/10 (\T1/qtm/m/it/10 miml.data
.bag.Bag method\T1/qtm/m/n/10 ),
 []


Underfull \hbox (badness 10000) in paragraph at lines 178--180
[]\T1/txtt/m/n/10 get_number_labels() \T1/qtm/m/n/10 (\T1/qtm/m/it/10 miml.data
.instance.Instance
 []


Underfull \hbox (badness 10000) in paragraph at lines 180--182
[]\T1/txtt/m/n/10 get_number_labels()
 []


Underfull \hbox (badness 10000) in paragraph at lines 180--182
\T1/qtm/m/n/10 (\T1/qtm/m/it/10 miml.data.miml_dataset.MIMLDataset
 []


Overfull \hbox (14.65227pt too wide) in paragraph at lines 182--184
[]\T1/txtt/m/n/10 get_statistics() \T1/qtm/m/n/10 (\T1/qtm/m/it/10 miml.data.mi
ml_dataset.MIMLDataset
 []


Underfull \hbox (badness 10000) in paragraph at lines 187--189
[]\T1/txtt/m/n/10 HausdorffDistance \T1/qtm/m/n/10 (\T1/qtm/m/it/10 class in
 []


Underfull \hbox (badness 10000) in paragraph at lines 196--198
[]\T1/txtt/m/n/10 LabelPowersetTransformation \T1/qtm/m/n/10 (\T1/qtm/m/it/10 c
lass in
 []


Overfull \hbox (70.61244pt too wide) in paragraph at lines 196--198
\T1/qtm/m/it/10 miml.transformation.mimlTOmi.label_powerset_transformation\T1/q
tm/m/n/10 ),
 []


Overfull \hbox (236.37215pt too wide) in paragraph at lines 198--200
[]\T1/txtt/m/n/10 lp_to_ml_label() \T1/qtm/m/n/10 (\T1/qtm/m/it/10 miml.transfo
rmation.mimlTOmi.label_powerset_transformation.LabelPowersetTransformation
 []


Underfull \hbox (badness 10000) in paragraph at lines 203--205
[]\T1/txtt/m/n/10 make_prediction_internal()
 []


Overfull \hbox (26.10251pt too wide) in paragraph at lines 203--205
\T1/qtm/m/n/10 (\T1/qtm/m/it/10 miml.classifier.miml.lazy.miml_br_knn.MIMLBRkNN

 []


Underfull \hbox (badness 10000) in paragraph at lines 205--207
[]\T1/txtt/m/n/10 make_prediction_internal()
 []


Overfull \hbox (3.32251pt too wide) in paragraph at lines 205--207
\T1/qtm/m/n/10 (\T1/qtm/m/it/10 miml.classifier.miml.lazy.miml_dgc.MIMLDGC
 []


Underfull \hbox (badness 10000) in paragraph at lines 207--209
[]\T1/txtt/m/n/10 make_prediction_internal()
 []


Underfull \hbox (badness 10000) in paragraph at lines 207--209
\T1/qtm/m/n/10 (\T1/qtm/m/it/10 miml.classifier.miml.lazy.miml_knn.MIMLkNN
 []


Underfull \hbox (badness 10000) in paragraph at lines 209--211
[]\T1/txtt/m/n/10 make_prediction_internal()
 []


Overfull \hbox (42.76251pt too wide) in paragraph at lines 209--211
\T1/qtm/m/n/10 (\T1/qtm/m/it/10 miml.classifier.miml.lazy.miml_map_knn.MIMLMAPk
NN
 []


Underfull \hbox (badness 10000) in paragraph at lines 211--213
[]\T1/txtt/m/n/10 make_prediction_internal()
 []


Overfull \hbox (165.92249pt too wide) in paragraph at lines 211--213
\T1/qtm/m/n/10 (\T1/qtm/m/it/10 miml.classifier.miml.lazy.multi_instance_multi_
label_knn.MultiInstanceMultiLabelKNN
 []


Underfull \hbox (badness 10000) in paragraph at lines 213--214
[]\T1/txtt/m/n/10 MaximalHausdorff \T1/qtm/m/n/10 (\T1/qtm/m/it/10 class in
 []


Overfull \hbox (13.92154pt too wide) in paragraph at lines 214--216
[]\T1/txtt/m/n/10 MIMLBRkNN \T1/qtm/m/n/10 (\T1/qtm/m/it/10 class in miml.class
ifier.miml.lazy.miml_br_knn\T1/qtm/m/n/10 ),
 []


Underfull \hbox (badness 10000) in paragraph at lines 216--218
[]\T1/txtt/m/n/10 MIMLClassifier \T1/qtm/m/n/10 (\T1/qtm/m/it/10 class in
 []


Overfull \hbox (27.50153pt too wide) in paragraph at lines 221--223
[]\T1/txtt/m/n/10 MIMLMAPkNN \T1/qtm/m/n/10 (\T1/qtm/m/it/10 class in miml.clas
sifier.miml.lazy.miml_map_knn\T1/qtm/m/n/10 ),
 []


Underfull \hbox (badness 10000) in paragraph at lines 223--225
[]\T1/txtt/m/n/10 MIMLtoMIBRClassifier \T1/qtm/m/n/10 (\T1/qtm/m/it/10 class in

 []


Overfull \hbox (24.63249pt too wide) in paragraph at lines 223--225
\T1/qtm/m/it/10 miml.classifier.mimlTOmi.miml_to_mi_br_classifier\T1/qtm/m/n/10
 ),
 []


Underfull \hbox (badness 10000) in paragraph at lines 225--227
[]\T1/txtt/m/n/10 MIMLtoMIClassifier \T1/qtm/m/n/10 (\T1/qtm/m/it/10 class in
 []


Overfull \hbox (10.7425pt too wide) in paragraph at lines 225--227
\T1/qtm/m/it/10 miml.classifier.mimlTOmi.miml_to_mi_classifier\T1/qtm/m/n/10 ),

 []


Underfull \hbox (badness 10000) in paragraph at lines 227--229
[]\T1/txtt/m/n/10 MIMLtoMILPClassifier \T1/qtm/m/n/10 (\T1/qtm/m/it/10 class in

 []


Overfull \hbox (23.52249pt too wide) in paragraph at lines 227--229
\T1/qtm/m/it/10 miml.classifier.mimlTOmi.miml_to_mi_lp_classifier\T1/qtm/m/n/10
 ),
 []


Underfull \hbox (badness 10000) in paragraph at lines 229--231
[]\T1/txtt/m/n/10 MIMLtoMLClassifier \T1/qtm/m/n/10 (\T1/qtm/m/it/10 class in
 []


Overfull \hbox (10.7425pt too wide) in paragraph at lines 229--231
\T1/qtm/m/it/10 miml.classifier.mimlTOml.miml_to_ml_classifier\T1/qtm/m/n/10 ),

 []


Underfull \hbox (badness 10000) in paragraph at lines 231--233
[]\T1/txtt/m/n/10 MIMLtoMLTransformation \T1/qtm/m/n/10 (\T1/qtm/m/it/10 class 
in
 []


Overfull \hbox (57.93243pt too wide) in paragraph at lines 231--233
\T1/qtm/m/it/10 miml.transformation.mimlTOml.miml_to_ml_transformation\T1/qtm/m
/n/10 ),
 []


Underfull \hbox (badness 10000) in paragraph at lines 233--234
[]\T1/txtt/m/n/10 MinimalHausdorff \T1/qtm/m/n/10 (\T1/qtm/m/it/10 class in
 []


Underfull \hbox (badness 10000) in paragraph at lines 234--236
[]\T1/txtt/m/n/10 MinMaxTransformation \T1/qtm/m/n/10 (\T1/qtm/m/it/10 class in

 []


Underfull \hbox (badness 10000) in paragraph at lines 234--236
\T1/qtm/m/it/10 miml.transformation.mimlTOml.minmax\T1/qtm/m/n/10 ),
 []


Underfull \hbox (badness 10000) in paragraph at lines 236--238
[]\T1/txtt/m/n/10 MIWrapperClassifier \T1/qtm/m/n/10 (\T1/qtm/m/it/10 class in
 []


Underfull \hbox (badness 10000) in paragraph at lines 236--238
\T1/qtm/m/it/10 miml.classifier.mi.mi_wrapper_classifier\T1/qtm/m/n/10 ),
 []


Overfull \hbox (236.37215pt too wide) in paragraph at lines 238--240
[]\T1/txtt/m/n/10 ml_to_lp_label() \T1/qtm/m/n/10 (\T1/qtm/m/it/10 miml.transfo
rmation.mimlTOmi.label_powerset_transformation.LabelPowersetTransformation
 []


Underfull \hbox (badness 10000) in paragraph at lines 240--242
[]\T1/txtt/m/n/10 MultiInstanceMultiLabelKNN \T1/qtm/m/n/10 (\T1/qtm/m/it/10 cl
ass in
 []


Overfull \hbox (46.0125pt too wide) in paragraph at lines 240--242
\T1/qtm/m/it/10 miml.classifier.miml.lazy.multi_instance_multi_label_knn\T1/qtm
/m/n/10 ),
 []


Overfull \hbox (8.50237pt too wide) in paragraph at lines 245--247
[]\T1/txtt/m/n/10 predict() \T1/qtm/m/n/10 (\T1/qtm/m/it/10 miml.classifier.mi.
apr_classifier.APRClassifier
 []


Overfull \hbox (71.73238pt too wide) in paragraph at lines 247--249
[]\T1/txtt/m/n/10 predict() \T1/qtm/m/n/10 (\T1/qtm/m/it/10 miml.classifier.mi.
mi_wrapper_classifier.MIWrapperClassifier
 []


Overfull \hbox (174.84235pt too wide) in paragraph at lines 249--251
[]\T1/txtt/m/n/10 predict() \T1/qtm/m/n/10 (\T1/qtm/m/it/10 miml.classifier.mim
l.lazy.multi_instance_multi_label_knn.MultiInstanceMultiLabelKNN
 []


Overfull \hbox (9.58237pt too wide) in paragraph at lines 251--253
[]\T1/txtt/m/n/10 predict() \T1/qtm/m/n/10 (\T1/qtm/m/it/10 miml.classifier.mim
l_classifier.MIMLClassifier
 []


Overfull \hbox (127.54236pt too wide) in paragraph at lines 253--255
[]\T1/txtt/m/n/10 predict() \T1/qtm/m/n/10 (\T1/qtm/m/it/10 miml.classifier.mim
lTOmi.miml_to_mi_br_classifier.MIMLtoMIBRClassifier
 []


Overfull \hbox (101.68236pt too wide) in paragraph at lines 255--257
[]\T1/txtt/m/n/10 predict() \T1/qtm/m/n/10 (\T1/qtm/m/it/10 miml.classifier.mim
lTOmi.miml_to_mi_classifier.MIMLtoMIClassifier
 []


Overfull \hbox (126.13235pt too wide) in paragraph at lines 257--259
[]\T1/txtt/m/n/10 predict() \T1/qtm/m/n/10 (\T1/qtm/m/it/10 miml.classifier.mim
lTOmi.miml_to_mi_lp_classifier.MIMLtoMILPClassifier
 []


Overfull \hbox (103.91235pt too wide) in paragraph at lines 259--261
[]\T1/txtt/m/n/10 predict() \T1/qtm/m/n/10 (\T1/qtm/m/it/10 miml.classifier.mim
lTOml.miml_to_ml_classifier.MIMLtoMLClassifier
 []


Overfull \hbox (30.5823pt too wide) in paragraph at lines 261--263
[]\T1/txtt/m/n/10 predict_bag() \T1/qtm/m/n/10 (\T1/qtm/m/it/10 miml.classifier
.miml_classifier.MIMLClassifier
 []


Overfull \hbox (148.5423pt too wide) in paragraph at lines 263--265
[]\T1/txtt/m/n/10 predict_bag() \T1/qtm/m/n/10 (\T1/qtm/m/it/10 miml.classifier
.mimlTOmi.miml_to_mi_br_classifier.MIMLtoMIBRClassifier
 []


Overfull \hbox (122.6823pt too wide) in paragraph at lines 265--267
[]\T1/txtt/m/n/10 predict_bag() \T1/qtm/m/n/10 (\T1/qtm/m/it/10 miml.classifier
.mimlTOmi.miml_to_mi_classifier.MIMLtoMIClassifier
 []


Overfull \hbox (147.1323pt too wide) in paragraph at lines 267--269
[]\T1/txtt/m/n/10 predict_bag() \T1/qtm/m/n/10 (\T1/qtm/m/it/10 miml.classifier
.mimlTOmi.miml_to_mi_lp_classifier.MIMLtoMILPClassifier
 []


Overfull \hbox (124.9123pt too wide) in paragraph at lines 269--271
[]\T1/txtt/m/n/10 predict_bag() \T1/qtm/m/n/10 (\T1/qtm/m/it/10 miml.classifier
.mimlTOml.miml_to_ml_classifier.MIMLtoMLClassifier
 []

[43]
Overfull \hbox (40.00227pt too wide) in paragraph at lines 271--273
[]\T1/txtt/m/n/10 predict_proba() \T1/qtm/m/n/10 (\T1/qtm/m/it/10 miml.classifi
er.mi.apr_classifier.APRClassifier
 []


Overfull \hbox (103.23228pt too wide) in paragraph at lines 273--275
[]\T1/txtt/m/n/10 predict_proba() \T1/qtm/m/n/10 (\T1/qtm/m/it/10 miml.classifi
er.mi.mi_wrapper_classifier.MIWrapperClassifier
 []


Overfull \hbox (206.34225pt too wide) in paragraph at lines 275--277
[]\T1/txtt/m/n/10 predict_proba() \T1/qtm/m/n/10 (\T1/qtm/m/it/10 miml.classifi
er.miml.lazy.multi_instance_multi_label_knn.MultiInstanceMultiLabelKNN
 []


Overfull \hbox (41.08228pt too wide) in paragraph at lines 277--279
[]\T1/txtt/m/n/10 predict_proba() \T1/qtm/m/n/10 (\T1/qtm/m/it/10 miml.classifi
er.miml_classifier.MIMLClassifier
 []


Overfull \hbox (159.04227pt too wide) in paragraph at lines 279--281
[]\T1/txtt/m/n/10 predict_proba() \T1/qtm/m/n/10 (\T1/qtm/m/it/10 miml.classifi
er.mimlTOmi.miml_to_mi_br_classifier.MIMLtoMIBRClassifier
 []


Overfull \hbox (133.18227pt too wide) in paragraph at lines 281--283
[]\T1/txtt/m/n/10 predict_proba() \T1/qtm/m/n/10 (\T1/qtm/m/it/10 miml.classifi
er.mimlTOmi.miml_to_mi_classifier.MIMLtoMIClassifier
 []


Overfull \hbox (157.63226pt too wide) in paragraph at lines 283--285
[]\T1/txtt/m/n/10 predict_proba() \T1/qtm/m/n/10 (\T1/qtm/m/it/10 miml.classifi
er.mimlTOmi.miml_to_mi_lp_classifier.MIMLtoMILPClassifier
 []


Overfull \hbox (135.41226pt too wide) in paragraph at lines 285--287
[]\T1/txtt/m/n/10 predict_proba() \T1/qtm/m/n/10 (\T1/qtm/m/it/10 miml.classifi
er.mimlTOml.miml_to_ml_classifier.MIMLtoMLClassifier
 []


Underfull \hbox (badness 10000) in paragraph at lines 287--289
[]\T1/txtt/m/n/10 predict_proba_bag()
 []


Overfull \hbox (26.10251pt too wide) in paragraph at lines 287--289
\T1/qtm/m/n/10 (\T1/qtm/m/it/10 miml.classifier.miml.lazy.miml_br_knn.MIMLBRkNN

 []


Underfull \hbox (badness 10000) in paragraph at lines 289--291
[]\T1/txtt/m/n/10 predict_proba_bag()
 []


Overfull \hbox (3.32251pt too wide) in paragraph at lines 289--291
\T1/qtm/m/n/10 (\T1/qtm/m/it/10 miml.classifier.miml.lazy.miml_dgc.MIMLDGC
 []


Underfull \hbox (badness 10000) in paragraph at lines 291--293
[]\T1/txtt/m/n/10 predict_proba_bag()
 []


Underfull \hbox (badness 10000) in paragraph at lines 291--293
\T1/qtm/m/n/10 (\T1/qtm/m/it/10 miml.classifier.miml.lazy.miml_knn.MIMLkNN
 []


Underfull \hbox (badness 10000) in paragraph at lines 293--295
[]\T1/txtt/m/n/10 predict_proba_bag()
 []


Overfull \hbox (42.76251pt too wide) in paragraph at lines 293--295
\T1/qtm/m/n/10 (\T1/qtm/m/it/10 miml.classifier.miml.lazy.miml_map_knn.MIMLMAPk
NN
 []


Underfull \hbox (badness 10000) in paragraph at lines 295--297
[]\T1/txtt/m/n/10 predict_proba_bag()
 []


Overfull \hbox (165.92249pt too wide) in paragraph at lines 295--297
\T1/qtm/m/n/10 (\T1/qtm/m/it/10 miml.classifier.miml.lazy.multi_instance_multi_
label_knn.MultiInstanceMultiLabelKNN
 []


Underfull \hbox (badness 10000) in paragraph at lines 304--306
[]\T1/txtt/m/n/10 save_arff() \T1/qtm/m/n/10 (\T1/qtm/m/it/10 miml.data.miml_da
taset.MIMLDataset
 []


Underfull \hbox (badness 10000) in paragraph at lines 306--307
[]\T1/txtt/m/n/10 save_csv() \T1/qtm/m/n/10 (\T1/qtm/m/it/10 miml.data.miml_dat
aset.MIMLDataset
 []


Underfull \hbox (badness 10000) in paragraph at lines 308--309
[]\T1/txtt/m/n/10 set_attribute() \T1/qtm/m/n/10 (\T1/qtm/m/it/10 miml.data.ins
tance.Instance
 []


Overfull \hbox (9.40228pt too wide) in paragraph at lines 309--311
[]\T1/txtt/m/n/10 set_attribute() \T1/qtm/m/n/10 (\T1/qtm/m/it/10 miml.data.mim
l_dataset.MIMLDataset
 []


Overfull \hbox (66.52228pt too wide) in paragraph at lines 313--315
[]\T1/txtt/m/n/10 set_extension() \T1/qtm/m/n/10 (\T1/qtm/m/it/10 miml.classifi
er.miml.lazy.miml_br_knn.MIMLBRkNN
 []


Underfull \hbox (badness 10000) in paragraph at lines 315--317
[]\T1/txtt/m/n/10 set_features_name()
 []


Underfull \hbox (badness 10000) in paragraph at lines 315--317
\T1/qtm/m/n/10 (\T1/qtm/m/it/10 miml.data.miml_dataset.MIMLDataset
 []


Overfull \hbox (19.90225pt too wide) in paragraph at lines 317--319
[]\T1/txtt/m/n/10 set_labels_name() \T1/qtm/m/n/10 (\T1/qtm/m/it/10 miml.data.m
iml_dataset.MIMLDataset
 []


Underfull \hbox (badness 10000) in paragraph at lines 319--320
[]\T1/txtt/m/n/10 set_name() \T1/qtm/m/n/10 (\T1/qtm/m/it/10 miml.data.miml_dat
aset.MIMLDataset
 []


Overfull \hbox (4.1523pt too wide) in paragraph at lines 321--323
[]\T1/txtt/m/n/10 show_dataset() \T1/qtm/m/n/10 (\T1/qtm/m/it/10 miml.data.miml
_dataset.MIMLDataset
 []


Underfull \hbox (badness 10000) in paragraph at lines 323--324
[]\T1/txtt/m/n/10 show_instance() \T1/qtm/m/n/10 (\T1/qtm/m/it/10 miml.data.ins
tance.Instance
 []


Overfull \hbox (9.40228pt too wide) in paragraph at lines 324--326
[]\T1/txtt/m/n/10 split_dataset() \T1/qtm/m/n/10 (\T1/qtm/m/it/10 miml.data.mim
l_dataset.MIMLDataset
 []


Overfull \hbox (25.15224pt too wide) in paragraph at lines 326--328
[]\T1/txtt/m/n/10 split_dataset_cv() \T1/qtm/m/n/10 (\T1/qtm/m/it/10 miml.data.
miml_dataset.MIMLDataset
 []


Overfull \hbox (250.15218pt too wide) in paragraph at lines 333--335
[]\T1/txtt/m/n/10 transform_bag() \T1/qtm/m/n/10 (\T1/qtm/m/it/10 miml.transfor
mation.mimlTOmi.binary_relevance_transformation.BinaryRelevanceTransformation
 []


Overfull \hbox (231.12216pt too wide) in paragraph at lines 335--337
[]\T1/txtt/m/n/10 transform_bag() \T1/qtm/m/n/10 (\T1/qtm/m/it/10 miml.transfor
mation.mimlTOmi.label_powerset_transformation.LabelPowersetTransformation
 []


Overfull \hbox (130.43219pt too wide) in paragraph at lines 337--339
[]\T1/txtt/m/n/10 transform_bag() \T1/qtm/m/n/10 (\T1/qtm/m/it/10 miml.transfor
mation.mimlTOml.arithmetic.ArithmeticTransformation
 []


Overfull \hbox (129.0522pt too wide) in paragraph at lines 339--341
[]\T1/txtt/m/n/10 transform_bag() \T1/qtm/m/n/10 (\T1/qtm/m/it/10 miml.transfor
mation.mimlTOml.geometric.GeometricTransformation
 []


Overfull \hbox (206.86215pt too wide) in paragraph at lines 341--343
[]\T1/txtt/m/n/10 transform_bag() \T1/qtm/m/n/10 (\T1/qtm/m/it/10 miml.transfor
mation.mimlTOml.miml_to_ml_transformation.MIMLtoMLTransformation
 []


Overfull \hbox (113.1422pt too wide) in paragraph at lines 343--345
[]\T1/txtt/m/n/10 transform_bag() \T1/qtm/m/n/10 (\T1/qtm/m/it/10 miml.transfor
mation.mimlTOml.minmax.MinMaxTransformation
 []


Underfull \hbox (badness 10000) in paragraph at lines 345--347
[]\T1/txtt/m/n/10 transform_dataset()
 []


Overfull \hbox (209.7324pt too wide) in paragraph at lines 345--347
\T1/qtm/m/n/10 (\T1/qtm/m/it/10 miml.transformation.mimlTOmi.binary_relevance_t
ransformation.BinaryRelevanceTransformation
 []


Underfull \hbox (badness 10000) in paragraph at lines 347--349
[]\T1/txtt/m/n/10 transform_dataset()
 []


Overfull \hbox (190.7024pt too wide) in paragraph at lines 347--349
\T1/qtm/m/n/10 (\T1/qtm/m/it/10 miml.transformation.mimlTOmi.label_powerset_tra
nsformation.LabelPowersetTransformation
 []


Underfull \hbox (badness 10000) in paragraph at lines 349--351
[]\T1/txtt/m/n/10 transform_dataset()
 []


Overfull \hbox (90.01242pt too wide) in paragraph at lines 349--351
\T1/qtm/m/n/10 (\T1/qtm/m/it/10 miml.transformation.mimlTOml.arithmetic.Arithme
ticTransformation
 []


Underfull \hbox (badness 10000) in paragraph at lines 351--353
[]\T1/txtt/m/n/10 transform_dataset()
 []


Overfull \hbox (88.63243pt too wide) in paragraph at lines 351--353
\T1/qtm/m/n/10 (\T1/qtm/m/it/10 miml.transformation.mimlTOml.geometric.Geometri
cTransformation
 []


Underfull \hbox (badness 10000) in paragraph at lines 353--355
[]\T1/txtt/m/n/10 transform_dataset()
 []


Overfull \hbox (166.44238pt too wide) in paragraph at lines 353--355
\T1/qtm/m/n/10 (\T1/qtm/m/it/10 miml.transformation.mimlTOml.miml_to_ml_transfo
rmation.MIMLtoMLTransformation
 []


Underfull \hbox (badness 10000) in paragraph at lines 355--357
[]\T1/txtt/m/n/10 transform_dataset()
 []


Overfull \hbox (72.72243pt too wide) in paragraph at lines 355--357
\T1/qtm/m/n/10 (\T1/qtm/m/it/10 miml.transformation.mimlTOml.minmax.MinMaxTrans
formation
 []

[44]) (./mimllibrary.aux)
Package rerunfilecheck Info: File `mimllibrary.out' has not changed.
(rerunfilecheck)             Checksum: 15A7AA5BCC82B1B3BF31903831B1730B;10977.
 ) 
Here is how much of TeX's memory you used:
 17378 strings out of 480247
 320425 string characters out of 5896151
 602033 words of memory out of 5000000
 34651 multiletter control sequences out of 15000+600000
 520623 words of font info for 69 fonts, out of 8000000 for 9000
 15 hyphenation exceptions out of 8191
 70i,12n,83p,1200b,710s stack positions out of 5000i,500n,10000p,200000b,80000s
{/usr/share/texmf/fonts/enc/dvips/tex-gyre/q-ec.enc}{/usr/share/texmf/fonts/e
nc/dvips/tex-gyre/q-ts1.enc}</usr/share/texlive/texmf-dist/fonts/type1/public/a
msfonts/cm/cmsy10.pfb></usr/share/texmf/fonts/type1/public/tex-gyre/qhvb.pfb></
usr/share/texmf/fonts/type1/public/tex-gyre/qhvr.pfb></usr/share/texmf/fonts/ty
pe1/public/tex-gyre/qtmb.pfb></usr/share/texmf/fonts/type1/public/tex-gyre/qtmr
.pfb></usr/share/texmf/fonts/type1/public/tex-gyre/qtmri.pfb></usr/share/texliv
e/texmf-dist/fonts/type1/public/txfonts/t1xbtt.pfb></usr/share/texlive/texmf-di
st/fonts/type1/public/txfonts/t1xtt.pfb></usr/share/texlive/texmf-dist/fonts/ty
pe1/public/txfonts/t1xtt.pfb>
Output written on mimllibrary.pdf (48 pages, 249097 bytes).
PDF statistics:
 1121 PDF objects out of 1200 (max. 8388607)
 1027 compressed objects within 11 object streams
 283 named destinations out of 1000 (max. 500000)
 469 words of extra memory for PDF output out of 10000 (max. 10000000)

